Archive member included to satisfy reference by file (symbol)

C:/Users/romai/Documents/sys embarque/libs/avr8-gnu-toolchain-win32_x86_64/bin/../lib/gcc/avr/15.1.0/avr5\libgcc.a(_mulsi3.o)
                              C:\Users\romai\AppData\Local\Temp\ccq5Ab4Q.o (__mulsi3)
C:/Users/romai/Documents/sys embarque/libs/avr8-gnu-toolchain-win32_x86_64/bin/../lib/gcc/avr/15.1.0/avr5\libgcc.a(_divmodhi4.o)
                              C:\Users\romai\AppData\Local\Temp\cc6Y0pZ0.o (__divmodhi4)
C:/Users/romai/Documents/sys embarque/libs/avr8-gnu-toolchain-win32_x86_64/bin/../lib/gcc/avr/15.1.0/avr5\libgcc.a(_exit.o)
                              C:/Users/romai/Documents/sys embarque/libs/avr8-gnu-toolchain-win32_x86_64/bin/../lib/gcc/avr/15.1.0/../../../../avr/lib/avr5/crtatmega328p.o (exit)
C:/Users/romai/Documents/sys embarque/libs/avr8-gnu-toolchain-win32_x86_64/bin/../lib/gcc/avr/15.1.0/avr5\libgcc.a(_copy_data.o)
                              C:\Users\romai\AppData\Local\Temp\ccmpIV5f.o (__do_copy_data)
C:/Users/romai/Documents/sys embarque/libs/avr8-gnu-toolchain-win32_x86_64/bin/../lib/gcc/avr/15.1.0/avr5\libgcc.a(_clear_bss.o)
                              C:\Users\romai\AppData\Local\Temp\ccwIhgqi.o (__do_clear_bss)
C:/Users/romai/Documents/sys embarque/libs/avr8-gnu-toolchain-win32_x86_64/bin/../lib/gcc/avr/15.1.0/avr5\libgcc.a(_clzsi2.o)
                              C:\Users\romai\AppData\Local\Temp\cc6Y0pZ0.o (__clzsi2)
C:/Users/romai/Documents/sys embarque/libs/avr8-gnu-toolchain-win32_x86_64/bin/../lib/gcc/avr/15.1.0/avr5\libgcc.a(_clzhi2.o)
                              C:/Users/romai/Documents/sys embarque/libs/avr8-gnu-toolchain-win32_x86_64/bin/../lib/gcc/avr/15.1.0/avr5\libgcc.a(_clzsi2.o) (__clzhi2)
C:/Users/romai/Documents/sys embarque/libs/avr8-gnu-toolchain-win32_x86_64/bin/../lib/gcc/avr/15.1.0/avr5\libgcc.a(_muluhisi3.o)
                              C:/Users/romai/Documents/sys embarque/libs/avr8-gnu-toolchain-win32_x86_64/bin/../lib/gcc/avr/15.1.0/avr5\libgcc.a(_mulsi3.o) (__muluhisi3)
C:/Users/romai/Documents/sys embarque/libs/avr8-gnu-toolchain-win32_x86_64/bin/../lib/gcc/avr/15.1.0/avr5\libgcc.a(_umulsidi3.o)
                              C:\Users\romai\AppData\Local\Temp\cc6Y0pZ0.o (__umulsidi3)
C:/Users/romai/Documents/sys embarque/libs/avr8-gnu-toolchain-win32_x86_64/bin/../lib/gcc/avr/15.1.0/avr5\libgcc.a(_prologue.o)
                              C:\Users\romai\AppData\Local\Temp\ccmpIV5f.o (__prologue_saves__)
C:/Users/romai/Documents/sys embarque/libs/avr8-gnu-toolchain-win32_x86_64/bin/../lib/gcc/avr/15.1.0/avr5\libgcc.a(_epilogue.o)
                              C:\Users\romai\AppData\Local\Temp\ccmpIV5f.o (__epilogue_restores__)
C:/Users/romai/Documents/sys embarque/libs/avr8-gnu-toolchain-win32_x86_64/bin/../lib/gcc/avr/15.1.0/avr5\libgcc.a(_adddi3.o)
                              C:\Users\romai\AppData\Local\Temp\cc6Y0pZ0.o (__adddi3)
C:/Users/romai/Documents/sys embarque/libs/avr8-gnu-toolchain-win32_x86_64/bin/../lib/gcc/avr/15.1.0/avr5\libgcc.a(_cmpdi2.o)
                              C:\Users\romai\AppData\Local\Temp\cc6Y0pZ0.o (__cmpdi2)
C:/Users/romai/Documents/sys embarque/libs/avr8-gnu-toolchain-win32_x86_64/bin/../lib/gcc/avr/15.1.0/avr5\libgcc.a(_umulhisi3.o)
                              C:/Users/romai/Documents/sys embarque/libs/avr8-gnu-toolchain-win32_x86_64/bin/../lib/gcc/avr/15.1.0/avr5\libgcc.a(_muluhisi3.o) (__umulhisi3)
C:/Users/romai/Documents/sys embarque/libs/avr8-gnu-toolchain-win32_x86_64/bin/../lib/gcc/avr/15.1.0/avr5\libgcc.a(_udivmodhi4.o)
                              C:/Users/romai/Documents/sys embarque/libs/avr8-gnu-toolchain-win32_x86_64/bin/../lib/gcc/avr/15.1.0/avr5\libgcc.a(_divmodhi4.o) (__udivmodhi4)
C:/Users/romai/Documents/sys embarque/libs/avr8-gnu-toolchain-win32_x86_64/bin/../lib/gcc/avr/15.1.0/avr5\libgcc.a(_muldi3_6.o)
                              C:/Users/romai/Documents/sys embarque/libs/avr8-gnu-toolchain-win32_x86_64/bin/../lib/gcc/avr/15.1.0/avr5\libgcc.a(_umulsidi3.o) (__muldi3_6)
C:/Users/romai/Documents/sys embarque/libs/avr8-gnu-toolchain-win32_x86_64/bin/../lib/gcc/avr/15.1.0/../../../../avr/lib/avr5\libc.a(iob.o)
                              C:\Users\romai\AppData\Local\Temp\ccwIhgqi.o (__iob)
C:/Users/romai/Documents/sys embarque/libs/avr8-gnu-toolchain-win32_x86_64/bin/../lib/gcc/avr/15.1.0/../../../../avr/lib/avr5\libatmega328p.a(eerd_block.o)
                              C:\Users\romai\AppData\Local\Temp\cc4RBmke.o (eeprom_read_block)
C:/Users/romai/Documents/sys embarque/libs/avr8-gnu-toolchain-win32_x86_64/bin/../lib/gcc/avr/15.1.0/../../../../avr/lib/avr5\libatmega328p.a(eerd_byte.o)
                              C:\Users\romai\AppData\Local\Temp\cc4RBmke.o (eeprom_read_byte)
C:/Users/romai/Documents/sys embarque/libs/avr8-gnu-toolchain-win32_x86_64/bin/../lib/gcc/avr/15.1.0/../../../../avr/lib/avr5\libatmega328p.a(eewr_block.o)
                              C:\Users\romai\AppData\Local\Temp\cc4RBmke.o (eeprom_write_block)
C:/Users/romai/Documents/sys embarque/libs/avr8-gnu-toolchain-win32_x86_64/bin/../lib/gcc/avr/15.1.0/../../../../avr/lib/avr5\libatmega328p.a(eewr_byte.o)
                              C:\Users\romai\AppData\Local\Temp\cc4RBmke.o (eeprom_write_byte)

Discarded input sections

 .data          0x00000000        0x0 C:/Users/romai/Documents/sys embarque/libs/avr8-gnu-toolchain-win32_x86_64/bin/../lib/gcc/avr/15.1.0/../../../../avr/lib/avr5/crtatmega328p.o
 .bss           0x00000000        0x0 C:/Users/romai/Documents/sys embarque/libs/avr8-gnu-toolchain-win32_x86_64/bin/../lib/gcc/avr/15.1.0/../../../../avr/lib/avr5/crtatmega328p.o
 .text          0x00000000        0x0 C:\Users\romai\AppData\Local\Temp\ccmpIV5f.o
 .data          0x00000000        0x0 C:\Users\romai\AppData\Local\Temp\ccmpIV5f.o
 .bss           0x00000000        0x0 C:\Users\romai\AppData\Local\Temp\ccmpIV5f.o
 .text          0x00000000        0x0 C:\Users\romai\AppData\Local\Temp\ccwIhgqi.o
 .data          0x00000000        0x0 C:\Users\romai\AppData\Local\Temp\ccwIhgqi.o
 .bss           0x00000000        0x0 C:\Users\romai\AppData\Local\Temp\ccwIhgqi.o
 .text.uart_getchar
                0x00000000        0xe C:\Users\romai\AppData\Local\Temp\ccwIhgqi.o
 .text.uart_putchar
                0x00000000       0x2a C:\Users\romai\AppData\Local\Temp\ccwIhgqi.o
 .text.UART__init_stdio
                0x00000000       0x22 C:\Users\romai\AppData\Local\Temp\ccwIhgqi.o
 .text.UART__read_timeout
                0x00000000       0x7e C:\Users\romai\AppData\Local\Temp\ccwIhgqi.o
 .data.uart_input
                0x00000000        0xe C:\Users\romai\AppData\Local\Temp\ccwIhgqi.o
 .data.uart_output
                0x00000000        0xe C:\Users\romai\AppData\Local\Temp\ccwIhgqi.o
 .text          0x00000000        0x0 C:\Users\romai\AppData\Local\Temp\ccsIEBgm.o
 .data          0x00000000        0x0 C:\Users\romai\AppData\Local\Temp\ccsIEBgm.o
 .bss           0x00000000        0x0 C:\Users\romai\AppData\Local\Temp\ccsIEBgm.o
 .text          0x00000000        0x0 C:\Users\romai\AppData\Local\Temp\cc4BdC3q.o
 .data          0x00000000        0x0 C:\Users\romai\AppData\Local\Temp\cc4BdC3q.o
 .bss           0x00000000        0x0 C:\Users\romai\AppData\Local\Temp\cc4BdC3q.o
 .text          0x00000000        0x0 C:\Users\romai\AppData\Local\Temp\ccmvXfPB.o
 .data          0x00000000        0x0 C:\Users\romai\AppData\Local\Temp\ccmvXfPB.o
 .bss           0x00000000        0x0 C:\Users\romai\AppData\Local\Temp\ccmvXfPB.o
 .text          0x00000000        0x0 C:\Users\romai\AppData\Local\Temp\ccq5Ab4Q.o
 .data          0x00000000        0x0 C:\Users\romai\AppData\Local\Temp\ccq5Ab4Q.o
 .bss           0x00000000        0x0 C:\Users\romai\AppData\Local\Temp\ccq5Ab4Q.o
 .text          0x00000000        0x0 C:\Users\romai\AppData\Local\Temp\cc4RBmke.o
 .data          0x00000000        0x0 C:\Users\romai\AppData\Local\Temp\cc4RBmke.o
 .bss           0x00000000        0x0 C:\Users\romai\AppData\Local\Temp\cc4RBmke.o
 .text.count_credentials
                0x00000000       0x2c C:\Users\romai\AppData\Local\Temp\cc4RBmke.o
 .text          0x00000000        0x0 C:\Users\romai\AppData\Local\Temp\cc6Y0pZ0.o
 .data          0x00000000        0x0 C:\Users\romai\AppData\Local\Temp\cc6Y0pZ0.o
 .bss           0x00000000        0x0 C:\Users\romai\AppData\Local\Temp\cc6Y0pZ0.o
 .text.uECC_vli_bytesToNative
                0x00000000       0x9e C:\Users\romai\AppData\Local\Temp\cc6Y0pZ0.o
 .text.bits2int
                0x00000000       0xfa C:\Users\romai\AppData\Local\Temp\cc6Y0pZ0.o
 .text.HMAC_init
                0x00000000       0x70 C:\Users\romai\AppData\Local\Temp\cc6Y0pZ0.o
 .text.HMAC_update
                0x00000000        0xc C:\Users\romai\AppData\Local\Temp\cc6Y0pZ0.o
 .text.HMAC_finish
                0x00000000       0x98 C:\Users\romai\AppData\Local\Temp\cc6Y0pZ0.o
 .text.update_V
                0x00000000       0x46 C:\Users\romai\AppData\Local\Temp\cc6Y0pZ0.o
 .text.uECC_vli_modMult
                0x00000000       0x64 C:\Users\romai\AppData\Local\Temp\cc6Y0pZ0.o
 .text.mod_sqrt_secp224r1_rs
                0x00000000       0x90 C:\Users\romai\AppData\Local\Temp\cc6Y0pZ0.o
 .text.mod_sqrt_secp224r1
                0x00000000      0x548 C:\Users\romai\AppData\Local\Temp\cc6Y0pZ0.o
 .text.double_jacobian_secp256k1
                0x00000000      0x1b8 C:\Users\romai\AppData\Local\Temp\cc6Y0pZ0.o
 .text.x_side_secp256k1
                0x00000000       0x4a C:\Users\romai\AppData\Local\Temp\cc6Y0pZ0.o
 .text.uECC_sign_with_k_internal
                0x00000000      0x390 C:\Users\romai\AppData\Local\Temp\cc6Y0pZ0.o
 .text.uECC_get_rng
                0x00000000        0xa C:\Users\romai\AppData\Local\Temp\cc6Y0pZ0.o
 .text.uECC_curve_private_key_size
                0x00000000       0x1a C:\Users\romai\AppData\Local\Temp\cc6Y0pZ0.o
 .text.uECC_curve_public_key_size
                0x00000000        0xa C:\Users\romai\AppData\Local\Temp\cc6Y0pZ0.o
 .text.uECC_secp192r1
                0x00000000        0x6 C:\Users\romai\AppData\Local\Temp\cc6Y0pZ0.o
 .text.uECC_secp224r1
                0x00000000        0x6 C:\Users\romai\AppData\Local\Temp\cc6Y0pZ0.o
 .text.uECC_secp256r1
                0x00000000        0x6 C:\Users\romai\AppData\Local\Temp\cc6Y0pZ0.o
 .text.uECC_secp256k1
                0x00000000        0x6 C:\Users\romai\AppData\Local\Temp\cc6Y0pZ0.o
 .text.uECC_shared_secret
                0x00000000      0x1d2 C:\Users\romai\AppData\Local\Temp\cc6Y0pZ0.o
 .text.uECC_compress
                0x00000000       0x3a C:\Users\romai\AppData\Local\Temp\cc6Y0pZ0.o
 .text.uECC_decompress
                0x00000000       0xbe C:\Users\romai\AppData\Local\Temp\cc6Y0pZ0.o
 .text.uECC_valid_public_key
                0x00000000      0x174 C:\Users\romai\AppData\Local\Temp\cc6Y0pZ0.o
 .text.uECC_compute_public_key
                0x00000000       0xf4 C:\Users\romai\AppData\Local\Temp\cc6Y0pZ0.o
 .text.uECC_sign_with_k
                0x00000000       0x5e C:\Users\romai\AppData\Local\Temp\cc6Y0pZ0.o
 .text.uECC_sign
                0x00000000       0x90 C:\Users\romai\AppData\Local\Temp\cc6Y0pZ0.o
 .text.uECC_sign_deterministic
                0x00000000      0x26e C:\Users\romai\AppData\Local\Temp\cc6Y0pZ0.o
 .text.uECC_verify
                0x00000000      0x6f8 C:\Users\romai\AppData\Local\Temp\cc6Y0pZ0.o
 .rodata.curve_secp256k1
                0x00000000       0xaa C:\Users\romai\AppData\Local\Temp\cc6Y0pZ0.o
 .rodata.curve_secp256r1
                0x00000000       0xaa C:\Users\romai\AppData\Local\Temp\cc6Y0pZ0.o
 .rodata.curve_secp224r1
                0x00000000       0xaa C:\Users\romai\AppData\Local\Temp\cc6Y0pZ0.o
 .rodata.curve_secp192r1
                0x00000000       0xaa C:\Users\romai\AppData\Local\Temp\cc6Y0pZ0.o
 .text          0x00000000        0x0 C:/Users/romai/Documents/sys embarque/libs/avr8-gnu-toolchain-win32_x86_64/bin/../lib/gcc/avr/15.1.0/avr5\libgcc.a(_mulsi3.o)
 .data          0x00000000        0x0 C:/Users/romai/Documents/sys embarque/libs/avr8-gnu-toolchain-win32_x86_64/bin/../lib/gcc/avr/15.1.0/avr5\libgcc.a(_mulsi3.o)
 .bss           0x00000000        0x0 C:/Users/romai/Documents/sys embarque/libs/avr8-gnu-toolchain-win32_x86_64/bin/../lib/gcc/avr/15.1.0/avr5\libgcc.a(_mulsi3.o)
 .text.libgcc.div
                0x00000000        0x0 C:/Users/romai/Documents/sys embarque/libs/avr8-gnu-toolchain-win32_x86_64/bin/../lib/gcc/avr/15.1.0/avr5\libgcc.a(_mulsi3.o)
 .text.libgcc   0x00000000        0x0 C:/Users/romai/Documents/sys embarque/libs/avr8-gnu-toolchain-win32_x86_64/bin/../lib/gcc/avr/15.1.0/avr5\libgcc.a(_mulsi3.o)
 .text.libgcc.prologue
                0x00000000        0x0 C:/Users/romai/Documents/sys embarque/libs/avr8-gnu-toolchain-win32_x86_64/bin/../lib/gcc/avr/15.1.0/avr5\libgcc.a(_mulsi3.o)
 .text.libgcc.builtins
                0x00000000        0x0 C:/Users/romai/Documents/sys embarque/libs/avr8-gnu-toolchain-win32_x86_64/bin/../lib/gcc/avr/15.1.0/avr5\libgcc.a(_mulsi3.o)
 .text.libgcc.fmul
                0x00000000        0x0 C:/Users/romai/Documents/sys embarque/libs/avr8-gnu-toolchain-win32_x86_64/bin/../lib/gcc/avr/15.1.0/avr5\libgcc.a(_mulsi3.o)
 .text.libgcc.fixed
                0x00000000        0x0 C:/Users/romai/Documents/sys embarque/libs/avr8-gnu-toolchain-win32_x86_64/bin/../lib/gcc/avr/15.1.0/avr5\libgcc.a(_mulsi3.o)
 .text          0x00000000        0x0 C:/Users/romai/Documents/sys embarque/libs/avr8-gnu-toolchain-win32_x86_64/bin/../lib/gcc/avr/15.1.0/avr5\libgcc.a(_divmodhi4.o)
 .data          0x00000000        0x0 C:/Users/romai/Documents/sys embarque/libs/avr8-gnu-toolchain-win32_x86_64/bin/../lib/gcc/avr/15.1.0/avr5\libgcc.a(_divmodhi4.o)
 .bss           0x00000000        0x0 C:/Users/romai/Documents/sys embarque/libs/avr8-gnu-toolchain-win32_x86_64/bin/../lib/gcc/avr/15.1.0/avr5\libgcc.a(_divmodhi4.o)
 .text.libgcc.mul
                0x00000000        0x0 C:/Users/romai/Documents/sys embarque/libs/avr8-gnu-toolchain-win32_x86_64/bin/../lib/gcc/avr/15.1.0/avr5\libgcc.a(_divmodhi4.o)
 .text.libgcc   0x00000000        0x0 C:/Users/romai/Documents/sys embarque/libs/avr8-gnu-toolchain-win32_x86_64/bin/../lib/gcc/avr/15.1.0/avr5\libgcc.a(_divmodhi4.o)
 .text.libgcc.prologue
                0x00000000        0x0 C:/Users/romai/Documents/sys embarque/libs/avr8-gnu-toolchain-win32_x86_64/bin/../lib/gcc/avr/15.1.0/avr5\libgcc.a(_divmodhi4.o)
 .text.libgcc.builtins
                0x00000000        0x0 C:/Users/romai/Documents/sys embarque/libs/avr8-gnu-toolchain-win32_x86_64/bin/../lib/gcc/avr/15.1.0/avr5\libgcc.a(_divmodhi4.o)
 .text.libgcc.fmul
                0x00000000        0x0 C:/Users/romai/Documents/sys embarque/libs/avr8-gnu-toolchain-win32_x86_64/bin/../lib/gcc/avr/15.1.0/avr5\libgcc.a(_divmodhi4.o)
 .text.libgcc.fixed
                0x00000000        0x0 C:/Users/romai/Documents/sys embarque/libs/avr8-gnu-toolchain-win32_x86_64/bin/../lib/gcc/avr/15.1.0/avr5\libgcc.a(_divmodhi4.o)
 .text          0x00000000        0x0 C:/Users/romai/Documents/sys embarque/libs/avr8-gnu-toolchain-win32_x86_64/bin/../lib/gcc/avr/15.1.0/avr5\libgcc.a(_exit.o)
 .data          0x00000000        0x0 C:/Users/romai/Documents/sys embarque/libs/avr8-gnu-toolchain-win32_x86_64/bin/../lib/gcc/avr/15.1.0/avr5\libgcc.a(_exit.o)
 .bss           0x00000000        0x0 C:/Users/romai/Documents/sys embarque/libs/avr8-gnu-toolchain-win32_x86_64/bin/../lib/gcc/avr/15.1.0/avr5\libgcc.a(_exit.o)
 .text.libgcc.mul
                0x00000000        0x0 C:/Users/romai/Documents/sys embarque/libs/avr8-gnu-toolchain-win32_x86_64/bin/../lib/gcc/avr/15.1.0/avr5\libgcc.a(_exit.o)
 .text.libgcc.div
                0x00000000        0x0 C:/Users/romai/Documents/sys embarque/libs/avr8-gnu-toolchain-win32_x86_64/bin/../lib/gcc/avr/15.1.0/avr5\libgcc.a(_exit.o)
 .text.libgcc   0x00000000        0x0 C:/Users/romai/Documents/sys embarque/libs/avr8-gnu-toolchain-win32_x86_64/bin/../lib/gcc/avr/15.1.0/avr5\libgcc.a(_exit.o)
 .text.libgcc.prologue
                0x00000000        0x0 C:/Users/romai/Documents/sys embarque/libs/avr8-gnu-toolchain-win32_x86_64/bin/../lib/gcc/avr/15.1.0/avr5\libgcc.a(_exit.o)
 .text.libgcc.builtins
                0x00000000        0x0 C:/Users/romai/Documents/sys embarque/libs/avr8-gnu-toolchain-win32_x86_64/bin/../lib/gcc/avr/15.1.0/avr5\libgcc.a(_exit.o)
 .text.libgcc.fmul
                0x00000000        0x0 C:/Users/romai/Documents/sys embarque/libs/avr8-gnu-toolchain-win32_x86_64/bin/../lib/gcc/avr/15.1.0/avr5\libgcc.a(_exit.o)
 .text.libgcc.fixed
                0x00000000        0x0 C:/Users/romai/Documents/sys embarque/libs/avr8-gnu-toolchain-win32_x86_64/bin/../lib/gcc/avr/15.1.0/avr5\libgcc.a(_exit.o)
 .text          0x00000000        0x0 C:/Users/romai/Documents/sys embarque/libs/avr8-gnu-toolchain-win32_x86_64/bin/../lib/gcc/avr/15.1.0/avr5\libgcc.a(_copy_data.o)
 .data          0x00000000        0x0 C:/Users/romai/Documents/sys embarque/libs/avr8-gnu-toolchain-win32_x86_64/bin/../lib/gcc/avr/15.1.0/avr5\libgcc.a(_copy_data.o)
 .bss           0x00000000        0x0 C:/Users/romai/Documents/sys embarque/libs/avr8-gnu-toolchain-win32_x86_64/bin/../lib/gcc/avr/15.1.0/avr5\libgcc.a(_copy_data.o)
 .text.libgcc.mul
                0x00000000        0x0 C:/Users/romai/Documents/sys embarque/libs/avr8-gnu-toolchain-win32_x86_64/bin/../lib/gcc/avr/15.1.0/avr5\libgcc.a(_copy_data.o)
 .text.libgcc.div
                0x00000000        0x0 C:/Users/romai/Documents/sys embarque/libs/avr8-gnu-toolchain-win32_x86_64/bin/../lib/gcc/avr/15.1.0/avr5\libgcc.a(_copy_data.o)
 .text.libgcc   0x00000000        0x0 C:/Users/romai/Documents/sys embarque/libs/avr8-gnu-toolchain-win32_x86_64/bin/../lib/gcc/avr/15.1.0/avr5\libgcc.a(_copy_data.o)
 .text.libgcc.prologue
                0x00000000        0x0 C:/Users/romai/Documents/sys embarque/libs/avr8-gnu-toolchain-win32_x86_64/bin/../lib/gcc/avr/15.1.0/avr5\libgcc.a(_copy_data.o)
 .text.libgcc.builtins
                0x00000000        0x0 C:/Users/romai/Documents/sys embarque/libs/avr8-gnu-toolchain-win32_x86_64/bin/../lib/gcc/avr/15.1.0/avr5\libgcc.a(_copy_data.o)
 .text.libgcc.fmul
                0x00000000        0x0 C:/Users/romai/Documents/sys embarque/libs/avr8-gnu-toolchain-win32_x86_64/bin/../lib/gcc/avr/15.1.0/avr5\libgcc.a(_copy_data.o)
 .text.libgcc.fixed
                0x00000000        0x0 C:/Users/romai/Documents/sys embarque/libs/avr8-gnu-toolchain-win32_x86_64/bin/../lib/gcc/avr/15.1.0/avr5\libgcc.a(_copy_data.o)
 .text          0x00000000        0x0 C:/Users/romai/Documents/sys embarque/libs/avr8-gnu-toolchain-win32_x86_64/bin/../lib/gcc/avr/15.1.0/avr5\libgcc.a(_clear_bss.o)
 .data          0x00000000        0x0 C:/Users/romai/Documents/sys embarque/libs/avr8-gnu-toolchain-win32_x86_64/bin/../lib/gcc/avr/15.1.0/avr5\libgcc.a(_clear_bss.o)
 .bss           0x00000000        0x0 C:/Users/romai/Documents/sys embarque/libs/avr8-gnu-toolchain-win32_x86_64/bin/../lib/gcc/avr/15.1.0/avr5\libgcc.a(_clear_bss.o)
 .text.libgcc.mul
                0x00000000        0x0 C:/Users/romai/Documents/sys embarque/libs/avr8-gnu-toolchain-win32_x86_64/bin/../lib/gcc/avr/15.1.0/avr5\libgcc.a(_clear_bss.o)
 .text.libgcc.div
                0x00000000        0x0 C:/Users/romai/Documents/sys embarque/libs/avr8-gnu-toolchain-win32_x86_64/bin/../lib/gcc/avr/15.1.0/avr5\libgcc.a(_clear_bss.o)
 .text.libgcc   0x00000000        0x0 C:/Users/romai/Documents/sys embarque/libs/avr8-gnu-toolchain-win32_x86_64/bin/../lib/gcc/avr/15.1.0/avr5\libgcc.a(_clear_bss.o)
 .text.libgcc.prologue
                0x00000000        0x0 C:/Users/romai/Documents/sys embarque/libs/avr8-gnu-toolchain-win32_x86_64/bin/../lib/gcc/avr/15.1.0/avr5\libgcc.a(_clear_bss.o)
 .text.libgcc.builtins
                0x00000000        0x0 C:/Users/romai/Documents/sys embarque/libs/avr8-gnu-toolchain-win32_x86_64/bin/../lib/gcc/avr/15.1.0/avr5\libgcc.a(_clear_bss.o)
 .text.libgcc.fmul
                0x00000000        0x0 C:/Users/romai/Documents/sys embarque/libs/avr8-gnu-toolchain-win32_x86_64/bin/../lib/gcc/avr/15.1.0/avr5\libgcc.a(_clear_bss.o)
 .text.libgcc.fixed
                0x00000000        0x0 C:/Users/romai/Documents/sys embarque/libs/avr8-gnu-toolchain-win32_x86_64/bin/../lib/gcc/avr/15.1.0/avr5\libgcc.a(_clear_bss.o)
 .text          0x00000000        0x0 C:/Users/romai/Documents/sys embarque/libs/avr8-gnu-toolchain-win32_x86_64/bin/../lib/gcc/avr/15.1.0/avr5\libgcc.a(_clzsi2.o)
 .data          0x00000000        0x0 C:/Users/romai/Documents/sys embarque/libs/avr8-gnu-toolchain-win32_x86_64/bin/../lib/gcc/avr/15.1.0/avr5\libgcc.a(_clzsi2.o)
 .bss           0x00000000        0x0 C:/Users/romai/Documents/sys embarque/libs/avr8-gnu-toolchain-win32_x86_64/bin/../lib/gcc/avr/15.1.0/avr5\libgcc.a(_clzsi2.o)
 .text.libgcc.mul
                0x00000000        0x0 C:/Users/romai/Documents/sys embarque/libs/avr8-gnu-toolchain-win32_x86_64/bin/../lib/gcc/avr/15.1.0/avr5\libgcc.a(_clzsi2.o)
 .text.libgcc.div
                0x00000000        0x0 C:/Users/romai/Documents/sys embarque/libs/avr8-gnu-toolchain-win32_x86_64/bin/../lib/gcc/avr/15.1.0/avr5\libgcc.a(_clzsi2.o)
 .text.libgcc   0x00000000        0x0 C:/Users/romai/Documents/sys embarque/libs/avr8-gnu-toolchain-win32_x86_64/bin/../lib/gcc/avr/15.1.0/avr5\libgcc.a(_clzsi2.o)
 .text.libgcc.prologue
                0x00000000        0x0 C:/Users/romai/Documents/sys embarque/libs/avr8-gnu-toolchain-win32_x86_64/bin/../lib/gcc/avr/15.1.0/avr5\libgcc.a(_clzsi2.o)
 .text.libgcc.fmul
                0x00000000        0x0 C:/Users/romai/Documents/sys embarque/libs/avr8-gnu-toolchain-win32_x86_64/bin/../lib/gcc/avr/15.1.0/avr5\libgcc.a(_clzsi2.o)
 .text.libgcc.fixed
                0x00000000        0x0 C:/Users/romai/Documents/sys embarque/libs/avr8-gnu-toolchain-win32_x86_64/bin/../lib/gcc/avr/15.1.0/avr5\libgcc.a(_clzsi2.o)
 .text          0x00000000        0x0 C:/Users/romai/Documents/sys embarque/libs/avr8-gnu-toolchain-win32_x86_64/bin/../lib/gcc/avr/15.1.0/avr5\libgcc.a(_clzhi2.o)
 .data          0x00000000        0x0 C:/Users/romai/Documents/sys embarque/libs/avr8-gnu-toolchain-win32_x86_64/bin/../lib/gcc/avr/15.1.0/avr5\libgcc.a(_clzhi2.o)
 .bss           0x00000000        0x0 C:/Users/romai/Documents/sys embarque/libs/avr8-gnu-toolchain-win32_x86_64/bin/../lib/gcc/avr/15.1.0/avr5\libgcc.a(_clzhi2.o)
 .text.libgcc.mul
                0x00000000        0x0 C:/Users/romai/Documents/sys embarque/libs/avr8-gnu-toolchain-win32_x86_64/bin/../lib/gcc/avr/15.1.0/avr5\libgcc.a(_clzhi2.o)
 .text.libgcc.div
                0x00000000        0x0 C:/Users/romai/Documents/sys embarque/libs/avr8-gnu-toolchain-win32_x86_64/bin/../lib/gcc/avr/15.1.0/avr5\libgcc.a(_clzhi2.o)
 .text.libgcc   0x00000000        0x0 C:/Users/romai/Documents/sys embarque/libs/avr8-gnu-toolchain-win32_x86_64/bin/../lib/gcc/avr/15.1.0/avr5\libgcc.a(_clzhi2.o)
 .text.libgcc.prologue
                0x00000000        0x0 C:/Users/romai/Documents/sys embarque/libs/avr8-gnu-toolchain-win32_x86_64/bin/../lib/gcc/avr/15.1.0/avr5\libgcc.a(_clzhi2.o)
 .text.libgcc.fmul
                0x00000000        0x0 C:/Users/romai/Documents/sys embarque/libs/avr8-gnu-toolchain-win32_x86_64/bin/../lib/gcc/avr/15.1.0/avr5\libgcc.a(_clzhi2.o)
 .text.libgcc.fixed
                0x00000000        0x0 C:/Users/romai/Documents/sys embarque/libs/avr8-gnu-toolchain-win32_x86_64/bin/../lib/gcc/avr/15.1.0/avr5\libgcc.a(_clzhi2.o)
 .text          0x00000000        0x0 C:/Users/romai/Documents/sys embarque/libs/avr8-gnu-toolchain-win32_x86_64/bin/../lib/gcc/avr/15.1.0/avr5\libgcc.a(_muluhisi3.o)
 .data          0x00000000        0x0 C:/Users/romai/Documents/sys embarque/libs/avr8-gnu-toolchain-win32_x86_64/bin/../lib/gcc/avr/15.1.0/avr5\libgcc.a(_muluhisi3.o)
 .bss           0x00000000        0x0 C:/Users/romai/Documents/sys embarque/libs/avr8-gnu-toolchain-win32_x86_64/bin/../lib/gcc/avr/15.1.0/avr5\libgcc.a(_muluhisi3.o)
 .text.libgcc.div
                0x00000000        0x0 C:/Users/romai/Documents/sys embarque/libs/avr8-gnu-toolchain-win32_x86_64/bin/../lib/gcc/avr/15.1.0/avr5\libgcc.a(_muluhisi3.o)
 .text.libgcc   0x00000000        0x0 C:/Users/romai/Documents/sys embarque/libs/avr8-gnu-toolchain-win32_x86_64/bin/../lib/gcc/avr/15.1.0/avr5\libgcc.a(_muluhisi3.o)
 .text.libgcc.prologue
                0x00000000        0x0 C:/Users/romai/Documents/sys embarque/libs/avr8-gnu-toolchain-win32_x86_64/bin/../lib/gcc/avr/15.1.0/avr5\libgcc.a(_muluhisi3.o)
 .text.libgcc.builtins
                0x00000000        0x0 C:/Users/romai/Documents/sys embarque/libs/avr8-gnu-toolchain-win32_x86_64/bin/../lib/gcc/avr/15.1.0/avr5\libgcc.a(_muluhisi3.o)
 .text.libgcc.fmul
                0x00000000        0x0 C:/Users/romai/Documents/sys embarque/libs/avr8-gnu-toolchain-win32_x86_64/bin/../lib/gcc/avr/15.1.0/avr5\libgcc.a(_muluhisi3.o)
 .text.libgcc.fixed
                0x00000000        0x0 C:/Users/romai/Documents/sys embarque/libs/avr8-gnu-toolchain-win32_x86_64/bin/../lib/gcc/avr/15.1.0/avr5\libgcc.a(_muluhisi3.o)
 .text          0x00000000        0x0 C:/Users/romai/Documents/sys embarque/libs/avr8-gnu-toolchain-win32_x86_64/bin/../lib/gcc/avr/15.1.0/avr5\libgcc.a(_umulsidi3.o)
 .data          0x00000000        0x0 C:/Users/romai/Documents/sys embarque/libs/avr8-gnu-toolchain-win32_x86_64/bin/../lib/gcc/avr/15.1.0/avr5\libgcc.a(_umulsidi3.o)
 .bss           0x00000000        0x0 C:/Users/romai/Documents/sys embarque/libs/avr8-gnu-toolchain-win32_x86_64/bin/../lib/gcc/avr/15.1.0/avr5\libgcc.a(_umulsidi3.o)
 .text.libgcc.div
                0x00000000        0x0 C:/Users/romai/Documents/sys embarque/libs/avr8-gnu-toolchain-win32_x86_64/bin/../lib/gcc/avr/15.1.0/avr5\libgcc.a(_umulsidi3.o)
 .text.libgcc   0x00000000        0x0 C:/Users/romai/Documents/sys embarque/libs/avr8-gnu-toolchain-win32_x86_64/bin/../lib/gcc/avr/15.1.0/avr5\libgcc.a(_umulsidi3.o)
 .text.libgcc.prologue
                0x00000000        0x0 C:/Users/romai/Documents/sys embarque/libs/avr8-gnu-toolchain-win32_x86_64/bin/../lib/gcc/avr/15.1.0/avr5\libgcc.a(_umulsidi3.o)
 .text.libgcc.builtins
                0x00000000        0x0 C:/Users/romai/Documents/sys embarque/libs/avr8-gnu-toolchain-win32_x86_64/bin/../lib/gcc/avr/15.1.0/avr5\libgcc.a(_umulsidi3.o)
 .text.libgcc.fmul
                0x00000000        0x0 C:/Users/romai/Documents/sys embarque/libs/avr8-gnu-toolchain-win32_x86_64/bin/../lib/gcc/avr/15.1.0/avr5\libgcc.a(_umulsidi3.o)
 .text.libgcc.fixed
                0x00000000        0x0 C:/Users/romai/Documents/sys embarque/libs/avr8-gnu-toolchain-win32_x86_64/bin/../lib/gcc/avr/15.1.0/avr5\libgcc.a(_umulsidi3.o)
 .text          0x00000000        0x0 C:/Users/romai/Documents/sys embarque/libs/avr8-gnu-toolchain-win32_x86_64/bin/../lib/gcc/avr/15.1.0/avr5\libgcc.a(_prologue.o)
 .data          0x00000000        0x0 C:/Users/romai/Documents/sys embarque/libs/avr8-gnu-toolchain-win32_x86_64/bin/../lib/gcc/avr/15.1.0/avr5\libgcc.a(_prologue.o)
 .bss           0x00000000        0x0 C:/Users/romai/Documents/sys embarque/libs/avr8-gnu-toolchain-win32_x86_64/bin/../lib/gcc/avr/15.1.0/avr5\libgcc.a(_prologue.o)
 .text.libgcc.mul
                0x00000000        0x0 C:/Users/romai/Documents/sys embarque/libs/avr8-gnu-toolchain-win32_x86_64/bin/../lib/gcc/avr/15.1.0/avr5\libgcc.a(_prologue.o)
 .text.libgcc.div
                0x00000000        0x0 C:/Users/romai/Documents/sys embarque/libs/avr8-gnu-toolchain-win32_x86_64/bin/../lib/gcc/avr/15.1.0/avr5\libgcc.a(_prologue.o)
 .text.libgcc   0x00000000        0x0 C:/Users/romai/Documents/sys embarque/libs/avr8-gnu-toolchain-win32_x86_64/bin/../lib/gcc/avr/15.1.0/avr5\libgcc.a(_prologue.o)
 .text.libgcc.builtins
                0x00000000        0x0 C:/Users/romai/Documents/sys embarque/libs/avr8-gnu-toolchain-win32_x86_64/bin/../lib/gcc/avr/15.1.0/avr5\libgcc.a(_prologue.o)
 .text.libgcc.fmul
                0x00000000        0x0 C:/Users/romai/Documents/sys embarque/libs/avr8-gnu-toolchain-win32_x86_64/bin/../lib/gcc/avr/15.1.0/avr5\libgcc.a(_prologue.o)
 .text.libgcc.fixed
                0x00000000        0x0 C:/Users/romai/Documents/sys embarque/libs/avr8-gnu-toolchain-win32_x86_64/bin/../lib/gcc/avr/15.1.0/avr5\libgcc.a(_prologue.o)
 .text          0x00000000        0x0 C:/Users/romai/Documents/sys embarque/libs/avr8-gnu-toolchain-win32_x86_64/bin/../lib/gcc/avr/15.1.0/avr5\libgcc.a(_epilogue.o)
 .data          0x00000000        0x0 C:/Users/romai/Documents/sys embarque/libs/avr8-gnu-toolchain-win32_x86_64/bin/../lib/gcc/avr/15.1.0/avr5\libgcc.a(_epilogue.o)
 .bss           0x00000000        0x0 C:/Users/romai/Documents/sys embarque/libs/avr8-gnu-toolchain-win32_x86_64/bin/../lib/gcc/avr/15.1.0/avr5\libgcc.a(_epilogue.o)
 .text.libgcc.mul
                0x00000000        0x0 C:/Users/romai/Documents/sys embarque/libs/avr8-gnu-toolchain-win32_x86_64/bin/../lib/gcc/avr/15.1.0/avr5\libgcc.a(_epilogue.o)
 .text.libgcc.div
                0x00000000        0x0 C:/Users/romai/Documents/sys embarque/libs/avr8-gnu-toolchain-win32_x86_64/bin/../lib/gcc/avr/15.1.0/avr5\libgcc.a(_epilogue.o)
 .text.libgcc   0x00000000        0x0 C:/Users/romai/Documents/sys embarque/libs/avr8-gnu-toolchain-win32_x86_64/bin/../lib/gcc/avr/15.1.0/avr5\libgcc.a(_epilogue.o)
 .text.libgcc.builtins
                0x00000000        0x0 C:/Users/romai/Documents/sys embarque/libs/avr8-gnu-toolchain-win32_x86_64/bin/../lib/gcc/avr/15.1.0/avr5\libgcc.a(_epilogue.o)
 .text.libgcc.fmul
                0x00000000        0x0 C:/Users/romai/Documents/sys embarque/libs/avr8-gnu-toolchain-win32_x86_64/bin/../lib/gcc/avr/15.1.0/avr5\libgcc.a(_epilogue.o)
 .text.libgcc.fixed
                0x00000000        0x0 C:/Users/romai/Documents/sys embarque/libs/avr8-gnu-toolchain-win32_x86_64/bin/../lib/gcc/avr/15.1.0/avr5\libgcc.a(_epilogue.o)
 .text          0x00000000        0x0 C:/Users/romai/Documents/sys embarque/libs/avr8-gnu-toolchain-win32_x86_64/bin/../lib/gcc/avr/15.1.0/avr5\libgcc.a(_adddi3.o)
 .data          0x00000000        0x0 C:/Users/romai/Documents/sys embarque/libs/avr8-gnu-toolchain-win32_x86_64/bin/../lib/gcc/avr/15.1.0/avr5\libgcc.a(_adddi3.o)
 .bss           0x00000000        0x0 C:/Users/romai/Documents/sys embarque/libs/avr8-gnu-toolchain-win32_x86_64/bin/../lib/gcc/avr/15.1.0/avr5\libgcc.a(_adddi3.o)
 .text.libgcc.mul
                0x00000000        0x0 C:/Users/romai/Documents/sys embarque/libs/avr8-gnu-toolchain-win32_x86_64/bin/../lib/gcc/avr/15.1.0/avr5\libgcc.a(_adddi3.o)
 .text.libgcc.div
                0x00000000        0x0 C:/Users/romai/Documents/sys embarque/libs/avr8-gnu-toolchain-win32_x86_64/bin/../lib/gcc/avr/15.1.0/avr5\libgcc.a(_adddi3.o)
 .text.libgcc.prologue
                0x00000000        0x0 C:/Users/romai/Documents/sys embarque/libs/avr8-gnu-toolchain-win32_x86_64/bin/../lib/gcc/avr/15.1.0/avr5\libgcc.a(_adddi3.o)
 .text.libgcc.builtins
                0x00000000        0x0 C:/Users/romai/Documents/sys embarque/libs/avr8-gnu-toolchain-win32_x86_64/bin/../lib/gcc/avr/15.1.0/avr5\libgcc.a(_adddi3.o)
 .text.libgcc.fmul
                0x00000000        0x0 C:/Users/romai/Documents/sys embarque/libs/avr8-gnu-toolchain-win32_x86_64/bin/../lib/gcc/avr/15.1.0/avr5\libgcc.a(_adddi3.o)
 .text.libgcc.fixed
                0x00000000        0x0 C:/Users/romai/Documents/sys embarque/libs/avr8-gnu-toolchain-win32_x86_64/bin/../lib/gcc/avr/15.1.0/avr5\libgcc.a(_adddi3.o)
 .text          0x00000000        0x0 C:/Users/romai/Documents/sys embarque/libs/avr8-gnu-toolchain-win32_x86_64/bin/../lib/gcc/avr/15.1.0/avr5\libgcc.a(_cmpdi2.o)
 .data          0x00000000        0x0 C:/Users/romai/Documents/sys embarque/libs/avr8-gnu-toolchain-win32_x86_64/bin/../lib/gcc/avr/15.1.0/avr5\libgcc.a(_cmpdi2.o)
 .bss           0x00000000        0x0 C:/Users/romai/Documents/sys embarque/libs/avr8-gnu-toolchain-win32_x86_64/bin/../lib/gcc/avr/15.1.0/avr5\libgcc.a(_cmpdi2.o)
 .text.libgcc.mul
                0x00000000        0x0 C:/Users/romai/Documents/sys embarque/libs/avr8-gnu-toolchain-win32_x86_64/bin/../lib/gcc/avr/15.1.0/avr5\libgcc.a(_cmpdi2.o)
 .text.libgcc.div
                0x00000000        0x0 C:/Users/romai/Documents/sys embarque/libs/avr8-gnu-toolchain-win32_x86_64/bin/../lib/gcc/avr/15.1.0/avr5\libgcc.a(_cmpdi2.o)
 .text.libgcc.prologue
                0x00000000        0x0 C:/Users/romai/Documents/sys embarque/libs/avr8-gnu-toolchain-win32_x86_64/bin/../lib/gcc/avr/15.1.0/avr5\libgcc.a(_cmpdi2.o)
 .text.libgcc.builtins
                0x00000000        0x0 C:/Users/romai/Documents/sys embarque/libs/avr8-gnu-toolchain-win32_x86_64/bin/../lib/gcc/avr/15.1.0/avr5\libgcc.a(_cmpdi2.o)
 .text.libgcc.fmul
                0x00000000        0x0 C:/Users/romai/Documents/sys embarque/libs/avr8-gnu-toolchain-win32_x86_64/bin/../lib/gcc/avr/15.1.0/avr5\libgcc.a(_cmpdi2.o)
 .text.libgcc.fixed
                0x00000000        0x0 C:/Users/romai/Documents/sys embarque/libs/avr8-gnu-toolchain-win32_x86_64/bin/../lib/gcc/avr/15.1.0/avr5\libgcc.a(_cmpdi2.o)
 .text          0x00000000        0x0 C:/Users/romai/Documents/sys embarque/libs/avr8-gnu-toolchain-win32_x86_64/bin/../lib/gcc/avr/15.1.0/avr5\libgcc.a(_umulhisi3.o)
 .data          0x00000000        0x0 C:/Users/romai/Documents/sys embarque/libs/avr8-gnu-toolchain-win32_x86_64/bin/../lib/gcc/avr/15.1.0/avr5\libgcc.a(_umulhisi3.o)
 .bss           0x00000000        0x0 C:/Users/romai/Documents/sys embarque/libs/avr8-gnu-toolchain-win32_x86_64/bin/../lib/gcc/avr/15.1.0/avr5\libgcc.a(_umulhisi3.o)
 .text.libgcc.div
                0x00000000        0x0 C:/Users/romai/Documents/sys embarque/libs/avr8-gnu-toolchain-win32_x86_64/bin/../lib/gcc/avr/15.1.0/avr5\libgcc.a(_umulhisi3.o)
 .text.libgcc   0x00000000        0x0 C:/Users/romai/Documents/sys embarque/libs/avr8-gnu-toolchain-win32_x86_64/bin/../lib/gcc/avr/15.1.0/avr5\libgcc.a(_umulhisi3.o)
 .text.libgcc.prologue
                0x00000000        0x0 C:/Users/romai/Documents/sys embarque/libs/avr8-gnu-toolchain-win32_x86_64/bin/../lib/gcc/avr/15.1.0/avr5\libgcc.a(_umulhisi3.o)
 .text.libgcc.builtins
                0x00000000        0x0 C:/Users/romai/Documents/sys embarque/libs/avr8-gnu-toolchain-win32_x86_64/bin/../lib/gcc/avr/15.1.0/avr5\libgcc.a(_umulhisi3.o)
 .text.libgcc.fmul
                0x00000000        0x0 C:/Users/romai/Documents/sys embarque/libs/avr8-gnu-toolchain-win32_x86_64/bin/../lib/gcc/avr/15.1.0/avr5\libgcc.a(_umulhisi3.o)
 .text.libgcc.fixed
                0x00000000        0x0 C:/Users/romai/Documents/sys embarque/libs/avr8-gnu-toolchain-win32_x86_64/bin/../lib/gcc/avr/15.1.0/avr5\libgcc.a(_umulhisi3.o)
 .text          0x00000000        0x0 C:/Users/romai/Documents/sys embarque/libs/avr8-gnu-toolchain-win32_x86_64/bin/../lib/gcc/avr/15.1.0/avr5\libgcc.a(_udivmodhi4.o)
 .data          0x00000000        0x0 C:/Users/romai/Documents/sys embarque/libs/avr8-gnu-toolchain-win32_x86_64/bin/../lib/gcc/avr/15.1.0/avr5\libgcc.a(_udivmodhi4.o)
 .bss           0x00000000        0x0 C:/Users/romai/Documents/sys embarque/libs/avr8-gnu-toolchain-win32_x86_64/bin/../lib/gcc/avr/15.1.0/avr5\libgcc.a(_udivmodhi4.o)
 .text.libgcc.mul
                0x00000000        0x0 C:/Users/romai/Documents/sys embarque/libs/avr8-gnu-toolchain-win32_x86_64/bin/../lib/gcc/avr/15.1.0/avr5\libgcc.a(_udivmodhi4.o)
 .text.libgcc   0x00000000        0x0 C:/Users/romai/Documents/sys embarque/libs/avr8-gnu-toolchain-win32_x86_64/bin/../lib/gcc/avr/15.1.0/avr5\libgcc.a(_udivmodhi4.o)
 .text.libgcc.prologue
                0x00000000        0x0 C:/Users/romai/Documents/sys embarque/libs/avr8-gnu-toolchain-win32_x86_64/bin/../lib/gcc/avr/15.1.0/avr5\libgcc.a(_udivmodhi4.o)
 .text.libgcc.builtins
                0x00000000        0x0 C:/Users/romai/Documents/sys embarque/libs/avr8-gnu-toolchain-win32_x86_64/bin/../lib/gcc/avr/15.1.0/avr5\libgcc.a(_udivmodhi4.o)
 .text.libgcc.fmul
                0x00000000        0x0 C:/Users/romai/Documents/sys embarque/libs/avr8-gnu-toolchain-win32_x86_64/bin/../lib/gcc/avr/15.1.0/avr5\libgcc.a(_udivmodhi4.o)
 .text.libgcc.fixed
                0x00000000        0x0 C:/Users/romai/Documents/sys embarque/libs/avr8-gnu-toolchain-win32_x86_64/bin/../lib/gcc/avr/15.1.0/avr5\libgcc.a(_udivmodhi4.o)
 .text          0x00000000        0x0 C:/Users/romai/Documents/sys embarque/libs/avr8-gnu-toolchain-win32_x86_64/bin/../lib/gcc/avr/15.1.0/avr5\libgcc.a(_muldi3_6.o)
 .data          0x00000000        0x0 C:/Users/romai/Documents/sys embarque/libs/avr8-gnu-toolchain-win32_x86_64/bin/../lib/gcc/avr/15.1.0/avr5\libgcc.a(_muldi3_6.o)
 .bss           0x00000000        0x0 C:/Users/romai/Documents/sys embarque/libs/avr8-gnu-toolchain-win32_x86_64/bin/../lib/gcc/avr/15.1.0/avr5\libgcc.a(_muldi3_6.o)
 .text.libgcc.div
                0x00000000        0x0 C:/Users/romai/Documents/sys embarque/libs/avr8-gnu-toolchain-win32_x86_64/bin/../lib/gcc/avr/15.1.0/avr5\libgcc.a(_muldi3_6.o)
 .text.libgcc   0x00000000        0x0 C:/Users/romai/Documents/sys embarque/libs/avr8-gnu-toolchain-win32_x86_64/bin/../lib/gcc/avr/15.1.0/avr5\libgcc.a(_muldi3_6.o)
 .text.libgcc.prologue
                0x00000000        0x0 C:/Users/romai/Documents/sys embarque/libs/avr8-gnu-toolchain-win32_x86_64/bin/../lib/gcc/avr/15.1.0/avr5\libgcc.a(_muldi3_6.o)
 .text.libgcc.builtins
                0x00000000        0x0 C:/Users/romai/Documents/sys embarque/libs/avr8-gnu-toolchain-win32_x86_64/bin/../lib/gcc/avr/15.1.0/avr5\libgcc.a(_muldi3_6.o)
 .text.libgcc.fmul
                0x00000000        0x0 C:/Users/romai/Documents/sys embarque/libs/avr8-gnu-toolchain-win32_x86_64/bin/../lib/gcc/avr/15.1.0/avr5\libgcc.a(_muldi3_6.o)
 .text.libgcc.fixed
                0x00000000        0x0 C:/Users/romai/Documents/sys embarque/libs/avr8-gnu-toolchain-win32_x86_64/bin/../lib/gcc/avr/15.1.0/avr5\libgcc.a(_muldi3_6.o)
 .text          0x00000000        0x0 C:/Users/romai/Documents/sys embarque/libs/avr8-gnu-toolchain-win32_x86_64/bin/../lib/gcc/avr/15.1.0/../../../../avr/lib/avr5\libc.a(iob.o)
 .data          0x00000000        0x0 C:/Users/romai/Documents/sys embarque/libs/avr8-gnu-toolchain-win32_x86_64/bin/../lib/gcc/avr/15.1.0/../../../../avr/lib/avr5\libc.a(iob.o)
 .bss           0x00000000        0x6 C:/Users/romai/Documents/sys embarque/libs/avr8-gnu-toolchain-win32_x86_64/bin/../lib/gcc/avr/15.1.0/../../../../avr/lib/avr5\libc.a(iob.o)
 .comment       0x00000000       0x30 C:/Users/romai/Documents/sys embarque/libs/avr8-gnu-toolchain-win32_x86_64/bin/../lib/gcc/avr/15.1.0/../../../../avr/lib/avr5\libc.a(iob.o)
 .text          0x00000000        0x0 C:/Users/romai/Documents/sys embarque/libs/avr8-gnu-toolchain-win32_x86_64/bin/../lib/gcc/avr/15.1.0/../../../../avr/lib/avr5\libatmega328p.a(eerd_block.o)
 .data          0x00000000        0x0 C:/Users/romai/Documents/sys embarque/libs/avr8-gnu-toolchain-win32_x86_64/bin/../lib/gcc/avr/15.1.0/../../../../avr/lib/avr5\libatmega328p.a(eerd_block.o)
 .bss           0x00000000        0x0 C:/Users/romai/Documents/sys embarque/libs/avr8-gnu-toolchain-win32_x86_64/bin/../lib/gcc/avr/15.1.0/../../../../avr/lib/avr5\libatmega328p.a(eerd_block.o)
 .text          0x00000000        0x0 C:/Users/romai/Documents/sys embarque/libs/avr8-gnu-toolchain-win32_x86_64/bin/../lib/gcc/avr/15.1.0/../../../../avr/lib/avr5\libatmega328p.a(eerd_byte.o)
 .data          0x00000000        0x0 C:/Users/romai/Documents/sys embarque/libs/avr8-gnu-toolchain-win32_x86_64/bin/../lib/gcc/avr/15.1.0/../../../../avr/lib/avr5\libatmega328p.a(eerd_byte.o)
 .bss           0x00000000        0x0 C:/Users/romai/Documents/sys embarque/libs/avr8-gnu-toolchain-win32_x86_64/bin/../lib/gcc/avr/15.1.0/../../../../avr/lib/avr5\libatmega328p.a(eerd_byte.o)
 .text          0x00000000        0x0 C:/Users/romai/Documents/sys embarque/libs/avr8-gnu-toolchain-win32_x86_64/bin/../lib/gcc/avr/15.1.0/../../../../avr/lib/avr5\libatmega328p.a(eewr_block.o)
 .data          0x00000000        0x0 C:/Users/romai/Documents/sys embarque/libs/avr8-gnu-toolchain-win32_x86_64/bin/../lib/gcc/avr/15.1.0/../../../../avr/lib/avr5\libatmega328p.a(eewr_block.o)
 .bss           0x00000000        0x0 C:/Users/romai/Documents/sys embarque/libs/avr8-gnu-toolchain-win32_x86_64/bin/../lib/gcc/avr/15.1.0/../../../../avr/lib/avr5\libatmega328p.a(eewr_block.o)
 .text          0x00000000        0x0 C:/Users/romai/Documents/sys embarque/libs/avr8-gnu-toolchain-win32_x86_64/bin/../lib/gcc/avr/15.1.0/../../../../avr/lib/avr5\libatmega328p.a(eewr_byte.o)
 .data          0x00000000        0x0 C:/Users/romai/Documents/sys embarque/libs/avr8-gnu-toolchain-win32_x86_64/bin/../lib/gcc/avr/15.1.0/../../../../avr/lib/avr5\libatmega328p.a(eewr_byte.o)
 .bss           0x00000000        0x0 C:/Users/romai/Documents/sys embarque/libs/avr8-gnu-toolchain-win32_x86_64/bin/../lib/gcc/avr/15.1.0/../../../../avr/lib/avr5\libatmega328p.a(eewr_byte.o)

Memory Configuration

Name             Origin             Length             Attributes
text             0x00000000         0x00008000         xr
data             0x00800100         0x00000800         rw!x
eeprom           0x00810000         0x00000400         rw!x
fuse             0x00820000         0x00000003         rw!x
lock             0x00830000         0x00000400         rw!x
signature        0x00840000         0x00000400         rw!x
user_signatures  0x00850000         0x00000400         rw!x
*default*        0x00000000         0xffffffff

Linker script and memory map

Address of section .data set to 0x800100
LOAD C:/Users/romai/Documents/sys embarque/libs/avr8-gnu-toolchain-win32_x86_64/bin/../lib/gcc/avr/15.1.0/../../../../avr/lib/avr5/crtatmega328p.o
LOAD C:\Users\romai\AppData\Local\Temp\ccmpIV5f.o
LOAD C:\Users\romai\AppData\Local\Temp\ccwIhgqi.o
LOAD C:\Users\romai\AppData\Local\Temp\ccsIEBgm.o
LOAD C:\Users\romai\AppData\Local\Temp\cc4BdC3q.o
LOAD C:\Users\romai\AppData\Local\Temp\ccmvXfPB.o
LOAD C:\Users\romai\AppData\Local\Temp\ccq5Ab4Q.o
LOAD C:\Users\romai\AppData\Local\Temp\cc4RBmke.o
LOAD C:\Users\romai\AppData\Local\Temp\cc6Y0pZ0.o
START GROUP
LOAD C:/Users/romai/Documents/sys embarque/libs/avr8-gnu-toolchain-win32_x86_64/bin/../lib/gcc/avr/15.1.0/avr5\libgcc.a
LOAD C:/Users/romai/Documents/sys embarque/libs/avr8-gnu-toolchain-win32_x86_64/bin/../lib/gcc/avr/15.1.0/../../../../avr/lib/avr5\libm.a
LOAD C:/Users/romai/Documents/sys embarque/libs/avr8-gnu-toolchain-win32_x86_64/bin/../lib/gcc/avr/15.1.0/../../../../avr/lib/avr5\libc.a
LOAD C:/Users/romai/Documents/sys embarque/libs/avr8-gnu-toolchain-win32_x86_64/bin/../lib/gcc/avr/15.1.0/../../../../avr/lib/avr5\libatmega328p.a
END GROUP
                [0x00000000]                      __TEXT_REGION_ORIGIN__ = DEFINED (__TEXT_REGION_ORIGIN__)?__TEXT_REGION_ORIGIN__:0x0
                [0x00008000]                      __TEXT_REGION_LENGTH__ = DEFINED (__TEXT_REGION_LENGTH__)?__TEXT_REGION_LENGTH__:0x20000
                [0x00800100]                      __DATA_REGION_ORIGIN__ = DEFINED (__DATA_REGION_ORIGIN__)?__DATA_REGION_ORIGIN__:0x800060
                [0x00000800]                      __DATA_REGION_LENGTH__ = DEFINED (__DATA_REGION_LENGTH__)?__DATA_REGION_LENGTH__:0xffa0
                [0x00000400]                      __EEPROM_REGION_LENGTH__ = DEFINED (__EEPROM_REGION_LENGTH__)?__EEPROM_REGION_LENGTH__:0x10000
                [0x00000003]                      __FUSE_REGION_LENGTH__ = DEFINED (__FUSE_REGION_LENGTH__)?__FUSE_REGION_LENGTH__:0x400
                0x00000400                        __LOCK_REGION_LENGTH__ = DEFINED (__LOCK_REGION_LENGTH__)?__LOCK_REGION_LENGTH__:0x400
                0x00000400                        __SIGNATURE_REGION_LENGTH__ = DEFINED (__SIGNATURE_REGION_LENGTH__)?__SIGNATURE_REGION_LENGTH__:0x400
                0x00000400                        __USER_SIGNATURE_REGION_LENGTH__ = DEFINED (__USER_SIGNATURE_REGION_LENGTH__)?__USER_SIGNATURE_REGION_LENGTH__:0x400

.hash
 *(.hash)

.dynsym
 *(.dynsym)

.dynstr
 *(.dynstr)

.gnu.version
 *(.gnu.version)

.gnu.version_d
 *(.gnu.version_d)

.gnu.version_r
 *(.gnu.version_r)

.rel.init
 *(.rel.init)

.rela.init
 *(.rela.init)

.rel.text
 *(.rel.text)
 *(.rel.text.*)
 *(.rel.gnu.linkonce.t*)

.rela.text
 *(.rela.text)
 *(.rela.text.*)
 *(.rela.gnu.linkonce.t*)

.rel.fini
 *(.rel.fini)

.rela.fini
 *(.rela.fini)

.rel.rodata
 *(.rel.rodata)
 *(.rel.rodata.*)
 *(.rel.gnu.linkonce.r*)

.rela.rodata
 *(.rela.rodata)
 *(.rela.rodata.*)
 *(.rela.gnu.linkonce.r*)

.rel.data
 *(.rel.data)
 *(.rel.data.*)
 *(.rel.gnu.linkonce.d*)

.rela.data
 *(.rela.data)
 *(.rela.data.*)
 *(.rela.gnu.linkonce.d*)

.rel.ctors
 *(.rel.ctors)

.rela.ctors
 *(.rela.ctors)

.rel.dtors
 *(.rel.dtors)

.rela.dtors
 *(.rela.dtors)

.rel.got
 *(.rel.got)

.rela.got
 *(.rela.got)

.rel.bss
 *(.rel.bss)

.rela.bss
 *(.rela.bss)

.rel.plt
 *(.rel.plt)

.rela.plt
 *(.rela.plt)

.text           0x00000000     0x252c
 *(.vectors)
 .vectors       0x00000000       0x68 C:/Users/romai/Documents/sys embarque/libs/avr8-gnu-toolchain-win32_x86_64/bin/../lib/gcc/avr/15.1.0/../../../../avr/lib/avr5/crtatmega328p.o
                0x00000000                __vector_default
                0x00000000                __vectors
 *(.vectors)
 *(.progmem.gcc*)
                0x00000068                        . = ALIGN (0x2)
                0x00000068                        __trampolines_start = .
 *(.trampolines)
 .trampolines   0x00000068        0x0 linker stubs
 *(.trampolines*)
                0x00000068                        __trampolines_end = .
 *libprintf_flt.a:*(.progmem.data)
 *libc.a:*(.progmem.data)
 *(.progmem.*)
                0x00000068                        . = ALIGN (0x2)
 *(.lowtext)
 *(.lowtext*)
                0x00000068                        __ctors_start = .
 *(.ctors)
                0x00000068                        __ctors_end = .
                0x00000068                        __dtors_start = .
 *(.dtors)
                0x00000068                        __dtors_end = .
 SORT_BY_NAME(*)(.ctors)
 SORT_BY_NAME(*)(.dtors)
 *(.init0)
 .init0         0x00000068        0x0 C:/Users/romai/Documents/sys embarque/libs/avr8-gnu-toolchain-win32_x86_64/bin/../lib/gcc/avr/15.1.0/../../../../avr/lib/avr5/crtatmega328p.o
                0x00000068                __init
 *(.init0)
 *(.init1)
 *(.init1)
 *(.init2)
 .init2         0x00000068        0xc C:/Users/romai/Documents/sys embarque/libs/avr8-gnu-toolchain-win32_x86_64/bin/../lib/gcc/avr/15.1.0/../../../../avr/lib/avr5/crtatmega328p.o
 *(.init2)
 *(.init3)
 *(.init3)
 *(.init4)
 .init4         0x00000074       0x16 C:/Users/romai/Documents/sys embarque/libs/avr8-gnu-toolchain-win32_x86_64/bin/../lib/gcc/avr/15.1.0/avr5\libgcc.a(_copy_data.o)
                0x00000074                __do_copy_data
 .init4         0x0000008a       0x10 C:/Users/romai/Documents/sys embarque/libs/avr8-gnu-toolchain-win32_x86_64/bin/../lib/gcc/avr/15.1.0/avr5\libgcc.a(_clear_bss.o)
                0x0000008a                __do_clear_bss
 *(.init4)
 *(.init5)
 *(.init5)
 *(.init6)
 *(.init6)
 *(.init7)
 *(.init7)
 *(.init8)
 *(.init8)
 *(.init9)
 .init9         0x0000009a        0x8 C:/Users/romai/Documents/sys embarque/libs/avr8-gnu-toolchain-win32_x86_64/bin/../lib/gcc/avr/15.1.0/../../../../avr/lib/avr5/crtatmega328p.o
 *(.init9)
 *(.text)
 .text          0x000000a2        0x4 C:/Users/romai/Documents/sys embarque/libs/avr8-gnu-toolchain-win32_x86_64/bin/../lib/gcc/avr/15.1.0/../../../../avr/lib/avr5/crtatmega328p.o
                0x000000a2                __vector_22
                0x000000a2                __vector_1
                0x000000a2                __vector_24
                0x000000a2                __vector_12
                0x000000a2                __bad_interrupt
                0x000000a2                __vector_6
                0x000000a2                __vector_3
                0x000000a2                __vector_23
                0x000000a2                __vector_25
                0x000000a2                __vector_11
                0x000000a2                __vector_13
                0x000000a2                __vector_17
                0x000000a2                __vector_19
                0x000000a2                __vector_7
                0x000000a2                __vector_5
                0x000000a2                __vector_4
                0x000000a2                __vector_9
                0x000000a2                __vector_2
                0x000000a2                __vector_21
                0x000000a2                __vector_15
                0x000000a2                __vector_8
                0x000000a2                __vector_14
                0x000000a2                __vector_10
                0x000000a2                __vector_16
                0x000000a2                __vector_20
                0x000000a6                        . = ALIGN (0x2)
 *(.text.*)
 .text.waitForConsent
                0x000000a6       0x4c C:\Users\romai\AppData\Local\Temp\ccmpIV5f.o
                0x000000a6                waitForConsent
 .text.makeCredentials
                0x000000f2       0xba C:\Users\romai\AppData\Local\Temp\ccmpIV5f.o
                0x000000f2                makeCredentials
 .text.f2       0x000001ac        0xa C:\Users\romai\AppData\Local\Temp\ccmpIV5f.o
                0x000001ac                f2
 .text.f3       0x000001b6        0xa C:\Users\romai\AppData\Local\Temp\ccmpIV5f.o
                0x000001b6                f3
 .text.initialize
                0x000001c0       0x16 C:\Users\romai\AppData\Local\Temp\ccmpIV5f.o
                0x000001c0                initialize
 .text.startup.main
                0x000001d6       0x26 C:\Users\romai\AppData\Local\Temp\ccmpIV5f.o
                0x000001d6                main
 .text.UART__init
                0x000001fc       0x2e C:\Users\romai\AppData\Local\Temp\ccwIhgqi.o
                0x000001fc                UART__init
 .text.UART__getc
                0x0000022a       0x28 C:\Users\romai\AppData\Local\Temp\ccwIhgqi.o
                0x0000022a                UART__getc
 .text.UART__putc
                0x00000252        0xe C:\Users\romai\AppData\Local\Temp\ccwIhgqi.o
                0x00000252                UART__putc
 .text.UART__write
                0x00000260       0x28 C:\Users\romai\AppData\Local\Temp\ccwIhgqi.o
                0x00000260                UART__write
 .text.UART__write_chars
                0x00000288       0x30 C:\Users\romai\AppData\Local\Temp\ccwIhgqi.o
                0x00000288                UART__write_chars
 .text.__vector_18
                0x000002b8       0x50 C:\Users\romai\AppData\Local\Temp\ccwIhgqi.o
                0x000002b8                __vector_18
 .text.UART__read
                0x00000308       0x28 C:\Users\romai\AppData\Local\Temp\ccwIhgqi.o
                0x00000308                UART__read
 .text.initialize_buffer
                0x00000330       0x10 C:\Users\romai\AppData\Local\Temp\ccsIEBgm.o
                0x00000330                initialize_buffer
 .text.buffer_push
                0x00000340       0x34 C:\Users\romai\AppData\Local\Temp\ccsIEBgm.o
                0x00000340                buffer_push
 .text.buffer_pop
                0x00000374       0x30 C:\Users\romai\AppData\Local\Temp\ccsIEBgm.o
                0x00000374                buffer_pop
 .text.initialize_button
                0x000003a4        0x6 C:\Users\romai\AppData\Local\Temp\cc4BdC3q.o
                0x000003a4                initialize_button
 .text.is_button_pressed
                0x000003aa        0x8 C:\Users\romai\AppData\Local\Temp\cc4BdC3q.o
                0x000003aa                is_button_pressed
 .text.initialize_led
                0x000003b2        0x6 C:\Users\romai\AppData\Local\Temp\ccmvXfPB.o
                0x000003b2                initialize_led
 .text.led_on   0x000003b8        0x4 C:\Users\romai\AppData\Local\Temp\ccmvXfPB.o
                0x000003b8                led_on
 .text.led_off  0x000003bc        0x4 C:\Users\romai\AppData\Local\Temp\ccmvXfPB.o
                0x000003bc                led_off
 .text.rng_function
                0x000003c0       0xbc C:\Users\romai\AppData\Local\Temp\ccq5Ab4Q.o
 .text.initialize_crypto
                0x0000047c       0x74 C:\Users\romai\AppData\Local\Temp\ccq5Ab4Q.o
                0x0000047c                initialize_crypto
 .text.generate_keypair
                0x000004f0       0x3a C:\Users\romai\AppData\Local\Temp\ccq5Ab4Q.o
                0x000004f0                generate_keypair
 .text.generate_credential_id
                0x0000052a       0x22 C:\Users\romai\AppData\Local\Temp\ccq5Ab4Q.o
                0x0000052a                generate_credential_id
 .text.find_empty_slot
                0x0000054c       0x2a C:\Users\romai\AppData\Local\Temp\cc4RBmke.o
 .text.initialize_registry
                0x00000576       0x4c C:\Users\romai\AppData\Local\Temp\cc4RBmke.o
                0x00000576                initialize_registry
 .text.find_credential
                0x000005c2       0x92 C:\Users\romai\AppData\Local\Temp\cc4RBmke.o
                0x000005c2                find_credential
 .text.register_credential
                0x00000654       0x9c C:\Users\romai\AppData\Local\Temp\cc4RBmke.o
                0x00000654                register_credential
 .text.can_register
                0x000006f0       0x3e C:\Users\romai\AppData\Local\Temp\cc4RBmke.o
                0x000006f0                can_register
 .text.uECC_vli_clear
                0x0000072e       0x16 C:\Users\romai\AppData\Local\Temp\cc6Y0pZ0.o
 .text.uECC_vli_isZero
                0x00000744       0x46 C:\Users\romai\AppData\Local\Temp\cc6Y0pZ0.o
 .text.uECC_vli_testBit
                0x0000078a       0x46 C:\Users\romai\AppData\Local\Temp\cc6Y0pZ0.o
 .text.uECC_vli_numBits
                0x000007d0       0xa8 C:\Users\romai\AppData\Local\Temp\cc6Y0pZ0.o
 .text.uECC_vli_set
                0x00000878       0x28 C:\Users\romai\AppData\Local\Temp\cc6Y0pZ0.o
 .text.uECC_vli_cmp_unsafe
                0x000008a0       0x70 C:\Users\romai\AppData\Local\Temp\cc6Y0pZ0.o
 .text.uECC_vli_rshift1
                0x00000910       0x64 C:\Users\romai\AppData\Local\Temp\cc6Y0pZ0.o
 .text.uECC_vli_add
                0x00000974       0x7e C:\Users\romai\AppData\Local\Temp\cc6Y0pZ0.o
 .text.uECC_vli_sub
                0x000009f2       0x82 C:\Users\romai\AppData\Local\Temp\cc6Y0pZ0.o
 .text.uECC_vli_cmp
                0x00000a74       0x3c C:\Users\romai\AppData\Local\Temp\cc6Y0pZ0.o
 .text.uECC_vli_modAdd
                0x00000ab0       0x56 C:\Users\romai\AppData\Local\Temp\cc6Y0pZ0.o
 .text.uECC_vli_mmod
                0x00000b06      0x390 C:\Users\romai\AppData\Local\Temp\cc6Y0pZ0.o
 .text.regularize_k
                0x00000e96       0xa8 C:\Users\romai\AppData\Local\Temp\cc6Y0pZ0.o
 .text.uECC_generate_random_int
                0x00000f3e       0xd6 C:\Users\romai\AppData\Local\Temp\cc6Y0pZ0.o
 .text.uECC_vli_nativeToBytes
                0x00001014       0x72 C:\Users\romai\AppData\Local\Temp\cc6Y0pZ0.o
 .text.uECC_vli_modSub
                0x00001086       0x44 C:\Users\romai\AppData\Local\Temp\cc6Y0pZ0.o
 .text.vli_modInv_update
                0x000010ca       0x96 C:\Users\romai\AppData\Local\Temp\cc6Y0pZ0.o
 .text.uECC_vli_modInv
                0x00001160      0x2a8 C:\Users\romai\AppData\Local\Temp\cc6Y0pZ0.o
 .text.uECC_vli_mult
                0x00001408      0x2e4 C:\Users\romai\AppData\Local\Temp\cc6Y0pZ0.o
 .text.uECC_vli_modMult_fast
                0x000016ec       0x52 C:\Users\romai\AppData\Local\Temp\cc6Y0pZ0.o
 .text.uECC_vli_modSquare_fast
                0x0000173e        0xa C:\Users\romai\AppData\Local\Temp\cc6Y0pZ0.o
 .text.double_jacobian_default
                0x00001748      0x1e6 C:\Users\romai\AppData\Local\Temp\cc6Y0pZ0.o
 .text.x_side_default
                0x0000192e       0xac C:\Users\romai\AppData\Local\Temp\cc6Y0pZ0.o
 .text.mod_sqrt_default
                0x000019da       0xd6 C:\Users\romai\AppData\Local\Temp\cc6Y0pZ0.o
 .text.apply_z  0x00001ab0       0x66 C:\Users\romai\AppData\Local\Temp\cc6Y0pZ0.o
 .text.XYcZ_add
                0x00001b16       0xf4 C:\Users\romai\AppData\Local\Temp\cc6Y0pZ0.o
 .text.XYcZ_addC
                0x00001c0a      0x14e C:\Users\romai\AppData\Local\Temp\cc6Y0pZ0.o
 .text.EccPoint_mult
                0x00001d58      0x3b2 C:\Users\romai\AppData\Local\Temp\cc6Y0pZ0.o
 .text.EccPoint_compute_public_key
                0x0000210a       0xd4 C:\Users\romai\AppData\Local\Temp\cc6Y0pZ0.o
 .text.uECC_set_rng
                0x000021de        0xa C:\Users\romai\AppData\Local\Temp\cc6Y0pZ0.o
                0x000021de                uECC_set_rng
 .text.uECC_secp160r1
                0x000021e8        0x6 C:\Users\romai\AppData\Local\Temp\cc6Y0pZ0.o
                0x000021e8                uECC_secp160r1
 .text.uECC_make_key
                0x000021ee      0x106 C:\Users\romai\AppData\Local\Temp\cc6Y0pZ0.o
                0x000021ee                uECC_make_key
 .text.libgcc.mul
                0x000022f4       0x20 C:/Users/romai/Documents/sys embarque/libs/avr8-gnu-toolchain-win32_x86_64/bin/../lib/gcc/avr/15.1.0/avr5\libgcc.a(_mulsi3.o)
                0x000022f4                __mulsi3
 .text.libgcc.div
                0x00002314       0x28 C:/Users/romai/Documents/sys embarque/libs/avr8-gnu-toolchain-win32_x86_64/bin/../lib/gcc/avr/15.1.0/avr5\libgcc.a(_divmodhi4.o)
                0x00002314                _div
                0x00002314                __divmodhi4
 .text.libgcc.builtins
                0x0000233c       0x12 C:/Users/romai/Documents/sys embarque/libs/avr8-gnu-toolchain-win32_x86_64/bin/../lib/gcc/avr/15.1.0/avr5\libgcc.a(_clzsi2.o)
                0x0000233c                __clzsi2
 .text.libgcc.builtins
                0x0000234e       0x24 C:/Users/romai/Documents/sys embarque/libs/avr8-gnu-toolchain-win32_x86_64/bin/../lib/gcc/avr/15.1.0/avr5\libgcc.a(_clzhi2.o)
                0x0000234e                __clzhi2
 .text.libgcc.mul
                0x00002372       0x16 C:/Users/romai/Documents/sys embarque/libs/avr8-gnu-toolchain-win32_x86_64/bin/../lib/gcc/avr/15.1.0/avr5\libgcc.a(_muluhisi3.o)
                0x00002372                __muluhisi3
 .text.libgcc.mul
                0x00002388       0x56 C:/Users/romai/Documents/sys embarque/libs/avr8-gnu-toolchain-win32_x86_64/bin/../lib/gcc/avr/15.1.0/avr5\libgcc.a(_umulsidi3.o)
                0x00002388                __umulsidi3
                0x0000238a                __umulsidi3_helper
 .text.libgcc.prologue
                0x000023de       0x38 C:/Users/romai/Documents/sys embarque/libs/avr8-gnu-toolchain-win32_x86_64/bin/../lib/gcc/avr/15.1.0/avr5\libgcc.a(_prologue.o)
                0x000023de                __prologue_saves__
 .text.libgcc.prologue
                0x00002416       0x36 C:/Users/romai/Documents/sys embarque/libs/avr8-gnu-toolchain-win32_x86_64/bin/../lib/gcc/avr/15.1.0/avr5\libgcc.a(_epilogue.o)
                0x00002416                __epilogue_restores__
 .text.libgcc   0x0000244c       0x12 C:/Users/romai/Documents/sys embarque/libs/avr8-gnu-toolchain-win32_x86_64/bin/../lib/gcc/avr/15.1.0/avr5\libgcc.a(_adddi3.o)
                0x0000244c                __adddi3
 .text.libgcc   0x0000245e       0x12 C:/Users/romai/Documents/sys embarque/libs/avr8-gnu-toolchain-win32_x86_64/bin/../lib/gcc/avr/15.1.0/avr5\libgcc.a(_cmpdi2.o)
                0x0000245e                __cmpdi2
 .text.libgcc.mul
                0x00002470       0x1e C:/Users/romai/Documents/sys embarque/libs/avr8-gnu-toolchain-win32_x86_64/bin/../lib/gcc/avr/15.1.0/avr5\libgcc.a(_umulhisi3.o)
                0x00002470                __umulhisi3
 .text.libgcc.div
                0x0000248e       0x28 C:/Users/romai/Documents/sys embarque/libs/avr8-gnu-toolchain-win32_x86_64/bin/../lib/gcc/avr/15.1.0/avr5\libgcc.a(_udivmodhi4.o)
                0x0000248e                __udivmodhi4
 .text.libgcc.mul
                0x000024b6       0x12 C:/Users/romai/Documents/sys embarque/libs/avr8-gnu-toolchain-win32_x86_64/bin/../lib/gcc/avr/15.1.0/avr5\libgcc.a(_muldi3_6.o)
                0x000024b6                __muldi3_6
 .text.avr-libc
                0x000024c8       0x20 C:/Users/romai/Documents/sys embarque/libs/avr8-gnu-toolchain-win32_x86_64/bin/../lib/gcc/avr/15.1.0/../../../../avr/lib/avr5\libatmega328p.a(eerd_block.o)
                0x000024c8                eeprom_read_block
                0x000024cc                eeprom_read_blraw
 .text.avr-libc
                0x000024e8       0x10 C:/Users/romai/Documents/sys embarque/libs/avr8-gnu-toolchain-win32_x86_64/bin/../lib/gcc/avr/15.1.0/../../../../avr/lib/avr5\libatmega328p.a(eerd_byte.o)
                0x000024e8                eeprom_read_byte
 .text.avr-libc
                0x000024f8       0x14 C:/Users/romai/Documents/sys embarque/libs/avr8-gnu-toolchain-win32_x86_64/bin/../lib/gcc/avr/15.1.0/../../../../avr/lib/avr5\libatmega328p.a(eewr_block.o)
                0x000024f8                eeprom_write_block
 .text.avr-libc
                0x0000250c       0x1c C:/Users/romai/Documents/sys embarque/libs/avr8-gnu-toolchain-win32_x86_64/bin/../lib/gcc/avr/15.1.0/../../../../avr/lib/avr5\libatmega328p.a(eewr_byte.o)
                0x0000250c                eeprom_write_byte
                0x0000250e                eeprom_write_r18
                0x00002528                        . = ALIGN (0x2)
 *(.fini9)
 .fini9         0x00002528        0x0 C:/Users/romai/Documents/sys embarque/libs/avr8-gnu-toolchain-win32_x86_64/bin/../lib/gcc/avr/15.1.0/avr5\libgcc.a(_exit.o)
                0x00002528                _exit
                0x00002528                exit
 *(.fini9)
 *(.fini8)
 *(.fini8)
 *(.fini7)
 *(.fini7)
 *(.fini6)
 *(.fini6)
 *(.fini5)
 *(.fini5)
 *(.fini4)
 *(.fini4)
 *(.fini3)
 *(.fini3)
 *(.fini2)
 *(.fini2)
 *(.fini1)
 *(.fini1)
 *(.fini0)
 .fini0         0x00002528        0x4 C:/Users/romai/Documents/sys embarque/libs/avr8-gnu-toolchain-win32_x86_64/bin/../lib/gcc/avr/15.1.0/avr5\libgcc.a(_exit.o)
 *(.fini0)
 *(.hightext)
 *(.hightext*)
 *(.progmemx.*)
                0x0000252c                        . = ALIGN (0x2)
 *(.jumptables)
 *(.jumptables*)
                0x0000252c                        _etext = .

.data           0x00800100       0xc2 load address 0x0000252c
                0x00800100                        PROVIDE (__data_start = .)
 *(.data)
 *(.data*)
 .data.seed     0x00800100        0x4 C:\Users\romai\AppData\Local\Temp\ccq5Ab4Q.o
 *(.gnu.linkonce.d*)
 *(.rodata)
 *(.rodata*)
 .rodata.f2.str1.1
                0x00800104       0x14 C:\Users\romai\AppData\Local\Temp\ccmpIV5f.o
                                  0xa (size before relaxing)
 .rodata.f3.str1.1
                0x00800118        0xa C:\Users\romai\AppData\Local\Temp\ccmpIV5f.o
 .rodata.curve_secp160r1
                0x00800118       0xaa C:\Users\romai\AppData\Local\Temp\cc6Y0pZ0.o
 *(.gnu.linkonce.r*)
                0x008001c2                        . = ALIGN (0x2)
                0x008001c2                        _edata = .
                0x008001c2                        PROVIDE (__data_end = .)

.bss            0x008001c2       0x49
                0x008001c2                        PROVIDE (__bss_start = .)
 *(.bss)
 *(.bss*)
 .bss.buffer    0x008001c2        0x6 C:\Users\romai\AppData\Local\Temp\ccwIhgqi.o
 .bss.buffer_data
                0x008001c8       0x40 C:\Users\romai\AppData\Local\Temp\ccwIhgqi.o
 .bss.adc_initialized.0
                0x00800208        0x1 C:\Users\romai\AppData\Local\Temp\ccq5Ab4Q.o
 .bss.g_rng_function
                0x00800209        0x2 C:\Users\romai\AppData\Local\Temp\cc6Y0pZ0.o
 *(COMMON)
                0x0080020b                        PROVIDE (__bss_end = .)
                0x0000252c                        __data_load_start = LOADADDR (.data)
                0x000025ee                        __data_load_end = (__data_load_start + SIZEOF (.data))

.noinit         0x0080020b        0x0
                [!provide]                        PROVIDE (__noinit_start = .)
 *(.noinit .noinit.* .gnu.linkonce.n.*)
                [!provide]                        PROVIDE (__noinit_end = .)
                0x0080020b                        _end = .
                [!provide]                        PROVIDE (__heap_start = .)
                0x00000000                        __flmap_init_label = DEFINED (__flmap_noinit_start)?__flmap_noinit_start:0x0
                0x00000000                        __flmap = DEFINED (__flmap)?__flmap:0x0

.eeprom         0x00810000        0x0
 *(.eeprom*)
                0x00810000                        __eeprom_end = .

.fuse
 *(.fuse)
 *(.lfuse)
 *(.hfuse)
 *(.efuse)

.lock
 *(.lock*)

.signature
 *(.signature*)

.stab
 *(.stab)

.stabstr
 *(.stabstr)

.stab.excl
 *(.stab.excl)

.stab.exclstr
 *(.stab.exclstr)

.stab.index
 *(.stab.index)

.stab.indexstr
 *(.stab.indexstr)

.comment        0x00000000       0x2f
 *(.comment)
 .comment       0x00000000       0x2f C:\Users\romai\AppData\Local\Temp\ccmpIV5f.o
                                 0x30 (size before relaxing)
 .comment       0x0000002f       0x30 C:\Users\romai\AppData\Local\Temp\ccwIhgqi.o
 .comment       0x0000002f       0x30 C:\Users\romai\AppData\Local\Temp\ccsIEBgm.o
 .comment       0x0000002f       0x30 C:\Users\romai\AppData\Local\Temp\cc4BdC3q.o
 .comment       0x0000002f       0x30 C:\Users\romai\AppData\Local\Temp\ccmvXfPB.o
 .comment       0x0000002f       0x30 C:\Users\romai\AppData\Local\Temp\ccq5Ab4Q.o
 .comment       0x0000002f       0x30 C:\Users\romai\AppData\Local\Temp\cc4RBmke.o
 .comment       0x0000002f       0x30 C:\Users\romai\AppData\Local\Temp\cc6Y0pZ0.o

.note.gnu.avr.deviceinfo
                0x00000000       0x40
 .note.gnu.avr.deviceinfo
                0x00000000       0x40 C:/Users/romai/Documents/sys embarque/libs/avr8-gnu-toolchain-win32_x86_64/bin/../lib/gcc/avr/15.1.0/../../../../avr/lib/avr5/crtatmega328p.o

.gnu.build.attributes
 *(.gnu.build.attributes .gnu.build.attributes.*)

.note.gnu.build-id
 *(.note.gnu.build-id)

.debug
 *(.debug)

.line
 *(.line)

.debug_srcinfo
 *(.debug_srcinfo)

.debug_sfnames
 *(.debug_sfnames)

.debug_aranges
 *(.debug_aranges)

.debug_pubnames
 *(.debug_pubnames)

.debug_info     0x00000000      0x5f4
 *(.debug_info .gnu.linkonce.wi.*)
 .debug_info    0x00000000      0x5f4 C:/Users/romai/Documents/sys embarque/libs/avr8-gnu-toolchain-win32_x86_64/bin/../lib/gcc/avr/15.1.0/../../../../avr/lib/avr5/crtatmega328p.o

.debug_abbrev   0x00000000      0x5a2
 *(.debug_abbrev)
 .debug_abbrev  0x00000000      0x5a2 C:/Users/romai/Documents/sys embarque/libs/avr8-gnu-toolchain-win32_x86_64/bin/../lib/gcc/avr/15.1.0/../../../../avr/lib/avr5/crtatmega328p.o

.debug_line     0x00000000       0x1d
 *(.debug_line .debug_line.* .debug_line_end)
 .debug_line    0x00000000       0x1d C:/Users/romai/Documents/sys embarque/libs/avr8-gnu-toolchain-win32_x86_64/bin/../lib/gcc/avr/15.1.0/../../../../avr/lib/avr5/crtatmega328p.o

.debug_frame
 *(.debug_frame)

.debug_str      0x00000000      0x208
 *(.debug_str)
 .debug_str     0x00000000      0x208 C:/Users/romai/Documents/sys embarque/libs/avr8-gnu-toolchain-win32_x86_64/bin/../lib/gcc/avr/15.1.0/../../../../avr/lib/avr5/crtatmega328p.o

.debug_loc
 *(.debug_loc)

.debug_macinfo
 *(.debug_macinfo)

.debug_weaknames
 *(.debug_weaknames)

.debug_funcnames
 *(.debug_funcnames)

.debug_typenames
 *(.debug_typenames)

.debug_varnames
 *(.debug_varnames)

.debug_pubtypes
 *(.debug_pubtypes)

.debug_ranges
 *(.debug_ranges)

.debug_addr
 *(.debug_addr)

.debug_line_str
 *(.debug_line_str)

.debug_loclists
 *(.debug_loclists)

.debug_macro
 *(.debug_macro)

.debug_names
 *(.debug_names)

.debug_rnglists
 *(.debug_rnglists)

.debug_str_offsets
 *(.debug_str_offsets)

.debug_sup
 *(.debug_sup)
OUTPUT(yubino.elf elf32-avr)
LOAD linker stubs
