Archive member included to satisfy reference by file (symbol)

C:/Users/romai/Documents/sys embarque/libs/avr8-gnu-toolchain-win32_x86_64/bin/../lib/gcc/avr/15.1.0/avr5\libgcc.a(_mulsi3.o)
                              C:\Users\romai\AppData\Local\Temp\ccAudfwZ.o (__mulsi3)
C:/Users/romai/Documents/sys embarque/libs/avr8-gnu-toolchain-win32_x86_64/bin/../lib/gcc/avr/15.1.0/avr5\libgcc.a(_divmodhi4.o)
                              C:\Users\romai\AppData\Local\Temp\ccqr5PgF.o (__divmodhi4)
C:/Users/romai/Documents/sys embarque/libs/avr8-gnu-toolchain-win32_x86_64/bin/../lib/gcc/avr/15.1.0/avr5\libgcc.a(_exit.o)
                              C:/Users/romai/Documents/sys embarque/libs/avr8-gnu-toolchain-win32_x86_64/bin/../lib/gcc/avr/15.1.0/../../../../avr/lib/avr5/crtatmega328p.o (exit)
C:/Users/romai/Documents/sys embarque/libs/avr8-gnu-toolchain-win32_x86_64/bin/../lib/gcc/avr/15.1.0/avr5\libgcc.a(_copy_data.o)
                              C:\Users\romai\AppData\Local\Temp\ccAudfwZ.o (__do_copy_data)
C:/Users/romai/Documents/sys embarque/libs/avr8-gnu-toolchain-win32_x86_64/bin/../lib/gcc/avr/15.1.0/avr5\libgcc.a(_clear_bss.o)
                              C:\Users\romai\AppData\Local\Temp\cc0JsBL4.o (__do_clear_bss)
C:/Users/romai/Documents/sys embarque/libs/avr8-gnu-toolchain-win32_x86_64/bin/../lib/gcc/avr/15.1.0/avr5\libgcc.a(_clzsi2.o)
                              C:\Users\romai\AppData\Local\Temp\ccqr5PgF.o (__clzsi2)
C:/Users/romai/Documents/sys embarque/libs/avr8-gnu-toolchain-win32_x86_64/bin/../lib/gcc/avr/15.1.0/avr5\libgcc.a(_clzhi2.o)
                              C:/Users/romai/Documents/sys embarque/libs/avr8-gnu-toolchain-win32_x86_64/bin/../lib/gcc/avr/15.1.0/avr5\libgcc.a(_clzsi2.o) (__clzhi2)
C:/Users/romai/Documents/sys embarque/libs/avr8-gnu-toolchain-win32_x86_64/bin/../lib/gcc/avr/15.1.0/avr5\libgcc.a(_muluhisi3.o)
                              C:/Users/romai/Documents/sys embarque/libs/avr8-gnu-toolchain-win32_x86_64/bin/../lib/gcc/avr/15.1.0/avr5\libgcc.a(_mulsi3.o) (__muluhisi3)
C:/Users/romai/Documents/sys embarque/libs/avr8-gnu-toolchain-win32_x86_64/bin/../lib/gcc/avr/15.1.0/avr5\libgcc.a(_umulsidi3.o)
                              C:\Users\romai\AppData\Local\Temp\ccqr5PgF.o (__umulsidi3)
C:/Users/romai/Documents/sys embarque/libs/avr8-gnu-toolchain-win32_x86_64/bin/../lib/gcc/avr/15.1.0/avr5\libgcc.a(_prologue.o)
                              C:\Users\romai\AppData\Local\Temp\cc4aJweJ.o (__prologue_saves__)
C:/Users/romai/Documents/sys embarque/libs/avr8-gnu-toolchain-win32_x86_64/bin/../lib/gcc/avr/15.1.0/avr5\libgcc.a(_epilogue.o)
                              C:\Users\romai\AppData\Local\Temp\cc4aJweJ.o (__epilogue_restores__)
C:/Users/romai/Documents/sys embarque/libs/avr8-gnu-toolchain-win32_x86_64/bin/../lib/gcc/avr/15.1.0/avr5\libgcc.a(_adddi3.o)
                              C:\Users\romai\AppData\Local\Temp\ccqr5PgF.o (__adddi3)
C:/Users/romai/Documents/sys embarque/libs/avr8-gnu-toolchain-win32_x86_64/bin/../lib/gcc/avr/15.1.0/avr5\libgcc.a(_cmpdi2.o)
                              C:\Users\romai\AppData\Local\Temp\ccqr5PgF.o (__cmpdi2)
C:/Users/romai/Documents/sys embarque/libs/avr8-gnu-toolchain-win32_x86_64/bin/../lib/gcc/avr/15.1.0/avr5\libgcc.a(_umulhisi3.o)
                              C:/Users/romai/Documents/sys embarque/libs/avr8-gnu-toolchain-win32_x86_64/bin/../lib/gcc/avr/15.1.0/avr5\libgcc.a(_muluhisi3.o) (__umulhisi3)
C:/Users/romai/Documents/sys embarque/libs/avr8-gnu-toolchain-win32_x86_64/bin/../lib/gcc/avr/15.1.0/avr5\libgcc.a(_udivmodhi4.o)
                              C:/Users/romai/Documents/sys embarque/libs/avr8-gnu-toolchain-win32_x86_64/bin/../lib/gcc/avr/15.1.0/avr5\libgcc.a(_divmodhi4.o) (__udivmodhi4)
C:/Users/romai/Documents/sys embarque/libs/avr8-gnu-toolchain-win32_x86_64/bin/../lib/gcc/avr/15.1.0/avr5\libgcc.a(_muldi3_6.o)
                              C:/Users/romai/Documents/sys embarque/libs/avr8-gnu-toolchain-win32_x86_64/bin/../lib/gcc/avr/15.1.0/avr5\libgcc.a(_umulsidi3.o) (__muldi3_6)
C:/Users/romai/Documents/sys embarque/libs/avr8-gnu-toolchain-win32_x86_64/bin/../lib/gcc/avr/15.1.0/../../../../avr/lib/avr5\libatmega328p.a(eerd_block.o)
                              C:\Users\romai\AppData\Local\Temp\cc8QmVnF.o (eeprom_read_block)
C:/Users/romai/Documents/sys embarque/libs/avr8-gnu-toolchain-win32_x86_64/bin/../lib/gcc/avr/15.1.0/../../../../avr/lib/avr5\libatmega328p.a(eerd_byte.o)
                              C:\Users\romai\AppData\Local\Temp\cc8QmVnF.o (eeprom_read_byte)
C:/Users/romai/Documents/sys embarque/libs/avr8-gnu-toolchain-win32_x86_64/bin/../lib/gcc/avr/15.1.0/../../../../avr/lib/avr5\libatmega328p.a(eewr_block.o)
                              C:\Users\romai\AppData\Local\Temp\cc8QmVnF.o (eeprom_write_block)
C:/Users/romai/Documents/sys embarque/libs/avr8-gnu-toolchain-win32_x86_64/bin/../lib/gcc/avr/15.1.0/../../../../avr/lib/avr5\libatmega328p.a(eewr_byte.o)
                              C:\Users\romai\AppData\Local\Temp\cc8QmVnF.o (eeprom_write_byte)

Discarded input sections

 .data          0x00000000        0x0 C:/Users/romai/Documents/sys embarque/libs/avr8-gnu-toolchain-win32_x86_64/bin/../lib/gcc/avr/15.1.0/../../../../avr/lib/avr5/crtatmega328p.o
 .bss           0x00000000        0x0 C:/Users/romai/Documents/sys embarque/libs/avr8-gnu-toolchain-win32_x86_64/bin/../lib/gcc/avr/15.1.0/../../../../avr/lib/avr5/crtatmega328p.o
 .text          0x00000000        0x0 C:\Users\romai\AppData\Local\Temp\cc4aJweJ.o
 .data          0x00000000        0x0 C:\Users\romai\AppData\Local\Temp\cc4aJweJ.o
 .bss           0x00000000        0x0 C:\Users\romai\AppData\Local\Temp\cc4aJweJ.o
 .text          0x00000000        0x0 C:\Users\romai\AppData\Local\Temp\cc0JsBL4.o
 .data          0x00000000        0x0 C:\Users\romai\AppData\Local\Temp\cc0JsBL4.o
 .bss           0x00000000        0x0 C:\Users\romai\AppData\Local\Temp\cc0JsBL4.o
 .text.UART__getc
                0x00000000       0x28 C:\Users\romai\AppData\Local\Temp\cc0JsBL4.o
 .text          0x00000000        0x0 C:\Users\romai\AppData\Local\Temp\ccElI9ys.o
 .data          0x00000000        0x0 C:\Users\romai\AppData\Local\Temp\ccElI9ys.o
 .bss           0x00000000        0x0 C:\Users\romai\AppData\Local\Temp\ccElI9ys.o
 .text          0x00000000        0x0 C:\Users\romai\AppData\Local\Temp\cc0nIk3V.o
 .data          0x00000000        0x0 C:\Users\romai\AppData\Local\Temp\cc0nIk3V.o
 .bss           0x00000000        0x0 C:\Users\romai\AppData\Local\Temp\cc0nIk3V.o
 .text          0x00000000        0x0 C:\Users\romai\AppData\Local\Temp\ccWWbNas.o
 .data          0x00000000        0x0 C:\Users\romai\AppData\Local\Temp\ccWWbNas.o
 .bss           0x00000000        0x0 C:\Users\romai\AppData\Local\Temp\ccWWbNas.o
 .text          0x00000000        0x0 C:\Users\romai\AppData\Local\Temp\ccAudfwZ.o
 .data          0x00000000        0x0 C:\Users\romai\AppData\Local\Temp\ccAudfwZ.o
 .bss           0x00000000        0x0 C:\Users\romai\AppData\Local\Temp\ccAudfwZ.o
 .text          0x00000000        0x0 C:\Users\romai\AppData\Local\Temp\cc8QmVnF.o
 .data          0x00000000        0x0 C:\Users\romai\AppData\Local\Temp\cc8QmVnF.o
 .bss           0x00000000        0x0 C:\Users\romai\AppData\Local\Temp\cc8QmVnF.o
 .text.count_credentials
                0x00000000       0x2c C:\Users\romai\AppData\Local\Temp\cc8QmVnF.o
 .text          0x00000000        0x0 C:\Users\romai\AppData\Local\Temp\ccqr5PgF.o
 .data          0x00000000        0x0 C:\Users\romai\AppData\Local\Temp\ccqr5PgF.o
 .bss           0x00000000        0x0 C:\Users\romai\AppData\Local\Temp\ccqr5PgF.o
 .text.HMAC_init
                0x00000000       0x70 C:\Users\romai\AppData\Local\Temp\ccqr5PgF.o
 .text.HMAC_update
                0x00000000        0xc C:\Users\romai\AppData\Local\Temp\ccqr5PgF.o
 .text.HMAC_finish
                0x00000000       0x98 C:\Users\romai\AppData\Local\Temp\ccqr5PgF.o
 .text.update_V
                0x00000000       0x46 C:\Users\romai\AppData\Local\Temp\ccqr5PgF.o
 .text.mod_sqrt_secp224r1_rs
                0x00000000       0x90 C:\Users\romai\AppData\Local\Temp\ccqr5PgF.o
 .text.mod_sqrt_secp224r1
                0x00000000      0x548 C:\Users\romai\AppData\Local\Temp\ccqr5PgF.o
 .text.double_jacobian_secp256k1
                0x00000000      0x1b8 C:\Users\romai\AppData\Local\Temp\ccqr5PgF.o
 .text.x_side_secp256k1
                0x00000000       0x4a C:\Users\romai\AppData\Local\Temp\ccqr5PgF.o
 .text.uECC_get_rng
                0x00000000        0xa C:\Users\romai\AppData\Local\Temp\ccqr5PgF.o
 .text.uECC_curve_private_key_size
                0x00000000       0x1a C:\Users\romai\AppData\Local\Temp\ccqr5PgF.o
 .text.uECC_curve_public_key_size
                0x00000000        0xa C:\Users\romai\AppData\Local\Temp\ccqr5PgF.o
 .text.uECC_secp192r1
                0x00000000        0x6 C:\Users\romai\AppData\Local\Temp\ccqr5PgF.o
 .text.uECC_secp224r1
                0x00000000        0x6 C:\Users\romai\AppData\Local\Temp\ccqr5PgF.o
 .text.uECC_secp256r1
                0x00000000        0x6 C:\Users\romai\AppData\Local\Temp\ccqr5PgF.o
 .text.uECC_secp256k1
                0x00000000        0x6 C:\Users\romai\AppData\Local\Temp\ccqr5PgF.o
 .text.uECC_shared_secret
                0x00000000      0x1d2 C:\Users\romai\AppData\Local\Temp\ccqr5PgF.o
 .text.uECC_compress
                0x00000000       0x3a C:\Users\romai\AppData\Local\Temp\ccqr5PgF.o
 .text.uECC_decompress
                0x00000000       0xbe C:\Users\romai\AppData\Local\Temp\ccqr5PgF.o
 .text.uECC_valid_public_key
                0x00000000      0x174 C:\Users\romai\AppData\Local\Temp\ccqr5PgF.o
 .text.uECC_compute_public_key
                0x00000000       0xf4 C:\Users\romai\AppData\Local\Temp\ccqr5PgF.o
 .text.uECC_sign_with_k
                0x00000000       0x5e C:\Users\romai\AppData\Local\Temp\ccqr5PgF.o
 .text.uECC_sign_deterministic
                0x00000000      0x26e C:\Users\romai\AppData\Local\Temp\ccqr5PgF.o
 .text.uECC_verify
                0x00000000      0x6f8 C:\Users\romai\AppData\Local\Temp\ccqr5PgF.o
 .rodata.curve_secp256k1
                0x00000000       0xaa C:\Users\romai\AppData\Local\Temp\ccqr5PgF.o
 .rodata.curve_secp256r1
                0x00000000       0xaa C:\Users\romai\AppData\Local\Temp\ccqr5PgF.o
 .rodata.curve_secp224r1
                0x00000000       0xaa C:\Users\romai\AppData\Local\Temp\ccqr5PgF.o
 .rodata.curve_secp192r1
                0x00000000       0xaa C:\Users\romai\AppData\Local\Temp\ccqr5PgF.o
 .text          0x00000000        0x0 C:/Users/romai/Documents/sys embarque/libs/avr8-gnu-toolchain-win32_x86_64/bin/../lib/gcc/avr/15.1.0/avr5\libgcc.a(_mulsi3.o)
 .data          0x00000000        0x0 C:/Users/romai/Documents/sys embarque/libs/avr8-gnu-toolchain-win32_x86_64/bin/../lib/gcc/avr/15.1.0/avr5\libgcc.a(_mulsi3.o)
 .bss           0x00000000        0x0 C:/Users/romai/Documents/sys embarque/libs/avr8-gnu-toolchain-win32_x86_64/bin/../lib/gcc/avr/15.1.0/avr5\libgcc.a(_mulsi3.o)
 .text.libgcc.div
                0x00000000        0x0 C:/Users/romai/Documents/sys embarque/libs/avr8-gnu-toolchain-win32_x86_64/bin/../lib/gcc/avr/15.1.0/avr5\libgcc.a(_mulsi3.o)
 .text.libgcc   0x00000000        0x0 C:/Users/romai/Documents/sys embarque/libs/avr8-gnu-toolchain-win32_x86_64/bin/../lib/gcc/avr/15.1.0/avr5\libgcc.a(_mulsi3.o)
 .text.libgcc.prologue
                0x00000000        0x0 C:/Users/romai/Documents/sys embarque/libs/avr8-gnu-toolchain-win32_x86_64/bin/../lib/gcc/avr/15.1.0/avr5\libgcc.a(_mulsi3.o)
 .text.libgcc.builtins
                0x00000000        0x0 C:/Users/romai/Documents/sys embarque/libs/avr8-gnu-toolchain-win32_x86_64/bin/../lib/gcc/avr/15.1.0/avr5\libgcc.a(_mulsi3.o)
 .text.libgcc.fmul
                0x00000000        0x0 C:/Users/romai/Documents/sys embarque/libs/avr8-gnu-toolchain-win32_x86_64/bin/../lib/gcc/avr/15.1.0/avr5\libgcc.a(_mulsi3.o)
 .text.libgcc.fixed
                0x00000000        0x0 C:/Users/romai/Documents/sys embarque/libs/avr8-gnu-toolchain-win32_x86_64/bin/../lib/gcc/avr/15.1.0/avr5\libgcc.a(_mulsi3.o)
 .text          0x00000000        0x0 C:/Users/romai/Documents/sys embarque/libs/avr8-gnu-toolchain-win32_x86_64/bin/../lib/gcc/avr/15.1.0/avr5\libgcc.a(_divmodhi4.o)
 .data          0x00000000        0x0 C:/Users/romai/Documents/sys embarque/libs/avr8-gnu-toolchain-win32_x86_64/bin/../lib/gcc/avr/15.1.0/avr5\libgcc.a(_divmodhi4.o)
 .bss           0x00000000        0x0 C:/Users/romai/Documents/sys embarque/libs/avr8-gnu-toolchain-win32_x86_64/bin/../lib/gcc/avr/15.1.0/avr5\libgcc.a(_divmodhi4.o)
 .text.libgcc.mul
                0x00000000        0x0 C:/Users/romai/Documents/sys embarque/libs/avr8-gnu-toolchain-win32_x86_64/bin/../lib/gcc/avr/15.1.0/avr5\libgcc.a(_divmodhi4.o)
 .text.libgcc   0x00000000        0x0 C:/Users/romai/Documents/sys embarque/libs/avr8-gnu-toolchain-win32_x86_64/bin/../lib/gcc/avr/15.1.0/avr5\libgcc.a(_divmodhi4.o)
 .text.libgcc.prologue
                0x00000000        0x0 C:/Users/romai/Documents/sys embarque/libs/avr8-gnu-toolchain-win32_x86_64/bin/../lib/gcc/avr/15.1.0/avr5\libgcc.a(_divmodhi4.o)
 .text.libgcc.builtins
                0x00000000        0x0 C:/Users/romai/Documents/sys embarque/libs/avr8-gnu-toolchain-win32_x86_64/bin/../lib/gcc/avr/15.1.0/avr5\libgcc.a(_divmodhi4.o)
 .text.libgcc.fmul
                0x00000000        0x0 C:/Users/romai/Documents/sys embarque/libs/avr8-gnu-toolchain-win32_x86_64/bin/../lib/gcc/avr/15.1.0/avr5\libgcc.a(_divmodhi4.o)
 .text.libgcc.fixed
                0x00000000        0x0 C:/Users/romai/Documents/sys embarque/libs/avr8-gnu-toolchain-win32_x86_64/bin/../lib/gcc/avr/15.1.0/avr5\libgcc.a(_divmodhi4.o)
 .text          0x00000000        0x0 C:/Users/romai/Documents/sys embarque/libs/avr8-gnu-toolchain-win32_x86_64/bin/../lib/gcc/avr/15.1.0/avr5\libgcc.a(_exit.o)
 .data          0x00000000        0x0 C:/Users/romai/Documents/sys embarque/libs/avr8-gnu-toolchain-win32_x86_64/bin/../lib/gcc/avr/15.1.0/avr5\libgcc.a(_exit.o)
 .bss           0x00000000        0x0 C:/Users/romai/Documents/sys embarque/libs/avr8-gnu-toolchain-win32_x86_64/bin/../lib/gcc/avr/15.1.0/avr5\libgcc.a(_exit.o)
 .text.libgcc.mul
                0x00000000        0x0 C:/Users/romai/Documents/sys embarque/libs/avr8-gnu-toolchain-win32_x86_64/bin/../lib/gcc/avr/15.1.0/avr5\libgcc.a(_exit.o)
 .text.libgcc.div
                0x00000000        0x0 C:/Users/romai/Documents/sys embarque/libs/avr8-gnu-toolchain-win32_x86_64/bin/../lib/gcc/avr/15.1.0/avr5\libgcc.a(_exit.o)
 .text.libgcc   0x00000000        0x0 C:/Users/romai/Documents/sys embarque/libs/avr8-gnu-toolchain-win32_x86_64/bin/../lib/gcc/avr/15.1.0/avr5\libgcc.a(_exit.o)
 .text.libgcc.prologue
                0x00000000        0x0 C:/Users/romai/Documents/sys embarque/libs/avr8-gnu-toolchain-win32_x86_64/bin/../lib/gcc/avr/15.1.0/avr5\libgcc.a(_exit.o)
 .text.libgcc.builtins
                0x00000000        0x0 C:/Users/romai/Documents/sys embarque/libs/avr8-gnu-toolchain-win32_x86_64/bin/../lib/gcc/avr/15.1.0/avr5\libgcc.a(_exit.o)
 .text.libgcc.fmul
                0x00000000        0x0 C:/Users/romai/Documents/sys embarque/libs/avr8-gnu-toolchain-win32_x86_64/bin/../lib/gcc/avr/15.1.0/avr5\libgcc.a(_exit.o)
 .text.libgcc.fixed
                0x00000000        0x0 C:/Users/romai/Documents/sys embarque/libs/avr8-gnu-toolchain-win32_x86_64/bin/../lib/gcc/avr/15.1.0/avr5\libgcc.a(_exit.o)
 .text          0x00000000        0x0 C:/Users/romai/Documents/sys embarque/libs/avr8-gnu-toolchain-win32_x86_64/bin/../lib/gcc/avr/15.1.0/avr5\libgcc.a(_copy_data.o)
 .data          0x00000000        0x0 C:/Users/romai/Documents/sys embarque/libs/avr8-gnu-toolchain-win32_x86_64/bin/../lib/gcc/avr/15.1.0/avr5\libgcc.a(_copy_data.o)
 .bss           0x00000000        0x0 C:/Users/romai/Documents/sys embarque/libs/avr8-gnu-toolchain-win32_x86_64/bin/../lib/gcc/avr/15.1.0/avr5\libgcc.a(_copy_data.o)
 .text.libgcc.mul
                0x00000000        0x0 C:/Users/romai/Documents/sys embarque/libs/avr8-gnu-toolchain-win32_x86_64/bin/../lib/gcc/avr/15.1.0/avr5\libgcc.a(_copy_data.o)
 .text.libgcc.div
                0x00000000        0x0 C:/Users/romai/Documents/sys embarque/libs/avr8-gnu-toolchain-win32_x86_64/bin/../lib/gcc/avr/15.1.0/avr5\libgcc.a(_copy_data.o)
 .text.libgcc   0x00000000        0x0 C:/Users/romai/Documents/sys embarque/libs/avr8-gnu-toolchain-win32_x86_64/bin/../lib/gcc/avr/15.1.0/avr5\libgcc.a(_copy_data.o)
 .text.libgcc.prologue
                0x00000000        0x0 C:/Users/romai/Documents/sys embarque/libs/avr8-gnu-toolchain-win32_x86_64/bin/../lib/gcc/avr/15.1.0/avr5\libgcc.a(_copy_data.o)
 .text.libgcc.builtins
                0x00000000        0x0 C:/Users/romai/Documents/sys embarque/libs/avr8-gnu-toolchain-win32_x86_64/bin/../lib/gcc/avr/15.1.0/avr5\libgcc.a(_copy_data.o)
 .text.libgcc.fmul
                0x00000000        0x0 C:/Users/romai/Documents/sys embarque/libs/avr8-gnu-toolchain-win32_x86_64/bin/../lib/gcc/avr/15.1.0/avr5\libgcc.a(_copy_data.o)
 .text.libgcc.fixed
                0x00000000        0x0 C:/Users/romai/Documents/sys embarque/libs/avr8-gnu-toolchain-win32_x86_64/bin/../lib/gcc/avr/15.1.0/avr5\libgcc.a(_copy_data.o)
 .text          0x00000000        0x0 C:/Users/romai/Documents/sys embarque/libs/avr8-gnu-toolchain-win32_x86_64/bin/../lib/gcc/avr/15.1.0/avr5\libgcc.a(_clear_bss.o)
 .data          0x00000000        0x0 C:/Users/romai/Documents/sys embarque/libs/avr8-gnu-toolchain-win32_x86_64/bin/../lib/gcc/avr/15.1.0/avr5\libgcc.a(_clear_bss.o)
 .bss           0x00000000        0x0 C:/Users/romai/Documents/sys embarque/libs/avr8-gnu-toolchain-win32_x86_64/bin/../lib/gcc/avr/15.1.0/avr5\libgcc.a(_clear_bss.o)
 .text.libgcc.mul
                0x00000000        0x0 C:/Users/romai/Documents/sys embarque/libs/avr8-gnu-toolchain-win32_x86_64/bin/../lib/gcc/avr/15.1.0/avr5\libgcc.a(_clear_bss.o)
 .text.libgcc.div
                0x00000000        0x0 C:/Users/romai/Documents/sys embarque/libs/avr8-gnu-toolchain-win32_x86_64/bin/../lib/gcc/avr/15.1.0/avr5\libgcc.a(_clear_bss.o)
 .text.libgcc   0x00000000        0x0 C:/Users/romai/Documents/sys embarque/libs/avr8-gnu-toolchain-win32_x86_64/bin/../lib/gcc/avr/15.1.0/avr5\libgcc.a(_clear_bss.o)
 .text.libgcc.prologue
                0x00000000        0x0 C:/Users/romai/Documents/sys embarque/libs/avr8-gnu-toolchain-win32_x86_64/bin/../lib/gcc/avr/15.1.0/avr5\libgcc.a(_clear_bss.o)
 .text.libgcc.builtins
                0x00000000        0x0 C:/Users/romai/Documents/sys embarque/libs/avr8-gnu-toolchain-win32_x86_64/bin/../lib/gcc/avr/15.1.0/avr5\libgcc.a(_clear_bss.o)
 .text.libgcc.fmul
                0x00000000        0x0 C:/Users/romai/Documents/sys embarque/libs/avr8-gnu-toolchain-win32_x86_64/bin/../lib/gcc/avr/15.1.0/avr5\libgcc.a(_clear_bss.o)
 .text.libgcc.fixed
                0x00000000        0x0 C:/Users/romai/Documents/sys embarque/libs/avr8-gnu-toolchain-win32_x86_64/bin/../lib/gcc/avr/15.1.0/avr5\libgcc.a(_clear_bss.o)
 .text          0x00000000        0x0 C:/Users/romai/Documents/sys embarque/libs/avr8-gnu-toolchain-win32_x86_64/bin/../lib/gcc/avr/15.1.0/avr5\libgcc.a(_clzsi2.o)
 .data          0x00000000        0x0 C:/Users/romai/Documents/sys embarque/libs/avr8-gnu-toolchain-win32_x86_64/bin/../lib/gcc/avr/15.1.0/avr5\libgcc.a(_clzsi2.o)
 .bss           0x00000000        0x0 C:/Users/romai/Documents/sys embarque/libs/avr8-gnu-toolchain-win32_x86_64/bin/../lib/gcc/avr/15.1.0/avr5\libgcc.a(_clzsi2.o)
 .text.libgcc.mul
                0x00000000        0x0 C:/Users/romai/Documents/sys embarque/libs/avr8-gnu-toolchain-win32_x86_64/bin/../lib/gcc/avr/15.1.0/avr5\libgcc.a(_clzsi2.o)
 .text.libgcc.div
                0x00000000        0x0 C:/Users/romai/Documents/sys embarque/libs/avr8-gnu-toolchain-win32_x86_64/bin/../lib/gcc/avr/15.1.0/avr5\libgcc.a(_clzsi2.o)
 .text.libgcc   0x00000000        0x0 C:/Users/romai/Documents/sys embarque/libs/avr8-gnu-toolchain-win32_x86_64/bin/../lib/gcc/avr/15.1.0/avr5\libgcc.a(_clzsi2.o)
 .text.libgcc.prologue
                0x00000000        0x0 C:/Users/romai/Documents/sys embarque/libs/avr8-gnu-toolchain-win32_x86_64/bin/../lib/gcc/avr/15.1.0/avr5\libgcc.a(_clzsi2.o)
 .text.libgcc.fmul
                0x00000000        0x0 C:/Users/romai/Documents/sys embarque/libs/avr8-gnu-toolchain-win32_x86_64/bin/../lib/gcc/avr/15.1.0/avr5\libgcc.a(_clzsi2.o)
 .text.libgcc.fixed
                0x00000000        0x0 C:/Users/romai/Documents/sys embarque/libs/avr8-gnu-toolchain-win32_x86_64/bin/../lib/gcc/avr/15.1.0/avr5\libgcc.a(_clzsi2.o)
 .text          0x00000000        0x0 C:/Users/romai/Documents/sys embarque/libs/avr8-gnu-toolchain-win32_x86_64/bin/../lib/gcc/avr/15.1.0/avr5\libgcc.a(_clzhi2.o)
 .data          0x00000000        0x0 C:/Users/romai/Documents/sys embarque/libs/avr8-gnu-toolchain-win32_x86_64/bin/../lib/gcc/avr/15.1.0/avr5\libgcc.a(_clzhi2.o)
 .bss           0x00000000        0x0 C:/Users/romai/Documents/sys embarque/libs/avr8-gnu-toolchain-win32_x86_64/bin/../lib/gcc/avr/15.1.0/avr5\libgcc.a(_clzhi2.o)
 .text.libgcc.mul
                0x00000000        0x0 C:/Users/romai/Documents/sys embarque/libs/avr8-gnu-toolchain-win32_x86_64/bin/../lib/gcc/avr/15.1.0/avr5\libgcc.a(_clzhi2.o)
 .text.libgcc.div
                0x00000000        0x0 C:/Users/romai/Documents/sys embarque/libs/avr8-gnu-toolchain-win32_x86_64/bin/../lib/gcc/avr/15.1.0/avr5\libgcc.a(_clzhi2.o)
 .text.libgcc   0x00000000        0x0 C:/Users/romai/Documents/sys embarque/libs/avr8-gnu-toolchain-win32_x86_64/bin/../lib/gcc/avr/15.1.0/avr5\libgcc.a(_clzhi2.o)
 .text.libgcc.prologue
                0x00000000        0x0 C:/Users/romai/Documents/sys embarque/libs/avr8-gnu-toolchain-win32_x86_64/bin/../lib/gcc/avr/15.1.0/avr5\libgcc.a(_clzhi2.o)
 .text.libgcc.fmul
                0x00000000        0x0 C:/Users/romai/Documents/sys embarque/libs/avr8-gnu-toolchain-win32_x86_64/bin/../lib/gcc/avr/15.1.0/avr5\libgcc.a(_clzhi2.o)
 .text.libgcc.fixed
                0x00000000        0x0 C:/Users/romai/Documents/sys embarque/libs/avr8-gnu-toolchain-win32_x86_64/bin/../lib/gcc/avr/15.1.0/avr5\libgcc.a(_clzhi2.o)
 .text          0x00000000        0x0 C:/Users/romai/Documents/sys embarque/libs/avr8-gnu-toolchain-win32_x86_64/bin/../lib/gcc/avr/15.1.0/avr5\libgcc.a(_muluhisi3.o)
 .data          0x00000000        0x0 C:/Users/romai/Documents/sys embarque/libs/avr8-gnu-toolchain-win32_x86_64/bin/../lib/gcc/avr/15.1.0/avr5\libgcc.a(_muluhisi3.o)
 .bss           0x00000000        0x0 C:/Users/romai/Documents/sys embarque/libs/avr8-gnu-toolchain-win32_x86_64/bin/../lib/gcc/avr/15.1.0/avr5\libgcc.a(_muluhisi3.o)
 .text.libgcc.div
                0x00000000        0x0 C:/Users/romai/Documents/sys embarque/libs/avr8-gnu-toolchain-win32_x86_64/bin/../lib/gcc/avr/15.1.0/avr5\libgcc.a(_muluhisi3.o)
 .text.libgcc   0x00000000        0x0 C:/Users/romai/Documents/sys embarque/libs/avr8-gnu-toolchain-win32_x86_64/bin/../lib/gcc/avr/15.1.0/avr5\libgcc.a(_muluhisi3.o)
 .text.libgcc.prologue
                0x00000000        0x0 C:/Users/romai/Documents/sys embarque/libs/avr8-gnu-toolchain-win32_x86_64/bin/../lib/gcc/avr/15.1.0/avr5\libgcc.a(_muluhisi3.o)
 .text.libgcc.builtins
                0x00000000        0x0 C:/Users/romai/Documents/sys embarque/libs/avr8-gnu-toolchain-win32_x86_64/bin/../lib/gcc/avr/15.1.0/avr5\libgcc.a(_muluhisi3.o)
 .text.libgcc.fmul
                0x00000000        0x0 C:/Users/romai/Documents/sys embarque/libs/avr8-gnu-toolchain-win32_x86_64/bin/../lib/gcc/avr/15.1.0/avr5\libgcc.a(_muluhisi3.o)
 .text.libgcc.fixed
                0x00000000        0x0 C:/Users/romai/Documents/sys embarque/libs/avr8-gnu-toolchain-win32_x86_64/bin/../lib/gcc/avr/15.1.0/avr5\libgcc.a(_muluhisi3.o)
 .text          0x00000000        0x0 C:/Users/romai/Documents/sys embarque/libs/avr8-gnu-toolchain-win32_x86_64/bin/../lib/gcc/avr/15.1.0/avr5\libgcc.a(_umulsidi3.o)
 .data          0x00000000        0x0 C:/Users/romai/Documents/sys embarque/libs/avr8-gnu-toolchain-win32_x86_64/bin/../lib/gcc/avr/15.1.0/avr5\libgcc.a(_umulsidi3.o)
 .bss           0x00000000        0x0 C:/Users/romai/Documents/sys embarque/libs/avr8-gnu-toolchain-win32_x86_64/bin/../lib/gcc/avr/15.1.0/avr5\libgcc.a(_umulsidi3.o)
 .text.libgcc.div
                0x00000000        0x0 C:/Users/romai/Documents/sys embarque/libs/avr8-gnu-toolchain-win32_x86_64/bin/../lib/gcc/avr/15.1.0/avr5\libgcc.a(_umulsidi3.o)
 .text.libgcc   0x00000000        0x0 C:/Users/romai/Documents/sys embarque/libs/avr8-gnu-toolchain-win32_x86_64/bin/../lib/gcc/avr/15.1.0/avr5\libgcc.a(_umulsidi3.o)
 .text.libgcc.prologue
                0x00000000        0x0 C:/Users/romai/Documents/sys embarque/libs/avr8-gnu-toolchain-win32_x86_64/bin/../lib/gcc/avr/15.1.0/avr5\libgcc.a(_umulsidi3.o)
 .text.libgcc.builtins
                0x00000000        0x0 C:/Users/romai/Documents/sys embarque/libs/avr8-gnu-toolchain-win32_x86_64/bin/../lib/gcc/avr/15.1.0/avr5\libgcc.a(_umulsidi3.o)
 .text.libgcc.fmul
                0x00000000        0x0 C:/Users/romai/Documents/sys embarque/libs/avr8-gnu-toolchain-win32_x86_64/bin/../lib/gcc/avr/15.1.0/avr5\libgcc.a(_umulsidi3.o)
 .text.libgcc.fixed
                0x00000000        0x0 C:/Users/romai/Documents/sys embarque/libs/avr8-gnu-toolchain-win32_x86_64/bin/../lib/gcc/avr/15.1.0/avr5\libgcc.a(_umulsidi3.o)
 .text          0x00000000        0x0 C:/Users/romai/Documents/sys embarque/libs/avr8-gnu-toolchain-win32_x86_64/bin/../lib/gcc/avr/15.1.0/avr5\libgcc.a(_prologue.o)
 .data          0x00000000        0x0 C:/Users/romai/Documents/sys embarque/libs/avr8-gnu-toolchain-win32_x86_64/bin/../lib/gcc/avr/15.1.0/avr5\libgcc.a(_prologue.o)
 .bss           0x00000000        0x0 C:/Users/romai/Documents/sys embarque/libs/avr8-gnu-toolchain-win32_x86_64/bin/../lib/gcc/avr/15.1.0/avr5\libgcc.a(_prologue.o)
 .text.libgcc.mul
                0x00000000        0x0 C:/Users/romai/Documents/sys embarque/libs/avr8-gnu-toolchain-win32_x86_64/bin/../lib/gcc/avr/15.1.0/avr5\libgcc.a(_prologue.o)
 .text.libgcc.div
                0x00000000        0x0 C:/Users/romai/Documents/sys embarque/libs/avr8-gnu-toolchain-win32_x86_64/bin/../lib/gcc/avr/15.1.0/avr5\libgcc.a(_prologue.o)
 .text.libgcc   0x00000000        0x0 C:/Users/romai/Documents/sys embarque/libs/avr8-gnu-toolchain-win32_x86_64/bin/../lib/gcc/avr/15.1.0/avr5\libgcc.a(_prologue.o)
 .text.libgcc.builtins
                0x00000000        0x0 C:/Users/romai/Documents/sys embarque/libs/avr8-gnu-toolchain-win32_x86_64/bin/../lib/gcc/avr/15.1.0/avr5\libgcc.a(_prologue.o)
 .text.libgcc.fmul
                0x00000000        0x0 C:/Users/romai/Documents/sys embarque/libs/avr8-gnu-toolchain-win32_x86_64/bin/../lib/gcc/avr/15.1.0/avr5\libgcc.a(_prologue.o)
 .text.libgcc.fixed
                0x00000000        0x0 C:/Users/romai/Documents/sys embarque/libs/avr8-gnu-toolchain-win32_x86_64/bin/../lib/gcc/avr/15.1.0/avr5\libgcc.a(_prologue.o)
 .text          0x00000000        0x0 C:/Users/romai/Documents/sys embarque/libs/avr8-gnu-toolchain-win32_x86_64/bin/../lib/gcc/avr/15.1.0/avr5\libgcc.a(_epilogue.o)
 .data          0x00000000        0x0 C:/Users/romai/Documents/sys embarque/libs/avr8-gnu-toolchain-win32_x86_64/bin/../lib/gcc/avr/15.1.0/avr5\libgcc.a(_epilogue.o)
 .bss           0x00000000        0x0 C:/Users/romai/Documents/sys embarque/libs/avr8-gnu-toolchain-win32_x86_64/bin/../lib/gcc/avr/15.1.0/avr5\libgcc.a(_epilogue.o)
 .text.libgcc.mul
                0x00000000        0x0 C:/Users/romai/Documents/sys embarque/libs/avr8-gnu-toolchain-win32_x86_64/bin/../lib/gcc/avr/15.1.0/avr5\libgcc.a(_epilogue.o)
 .text.libgcc.div
                0x00000000        0x0 C:/Users/romai/Documents/sys embarque/libs/avr8-gnu-toolchain-win32_x86_64/bin/../lib/gcc/avr/15.1.0/avr5\libgcc.a(_epilogue.o)
 .text.libgcc   0x00000000        0x0 C:/Users/romai/Documents/sys embarque/libs/avr8-gnu-toolchain-win32_x86_64/bin/../lib/gcc/avr/15.1.0/avr5\libgcc.a(_epilogue.o)
 .text.libgcc.builtins
                0x00000000        0x0 C:/Users/romai/Documents/sys embarque/libs/avr8-gnu-toolchain-win32_x86_64/bin/../lib/gcc/avr/15.1.0/avr5\libgcc.a(_epilogue.o)
 .text.libgcc.fmul
                0x00000000        0x0 C:/Users/romai/Documents/sys embarque/libs/avr8-gnu-toolchain-win32_x86_64/bin/../lib/gcc/avr/15.1.0/avr5\libgcc.a(_epilogue.o)
 .text.libgcc.fixed
                0x00000000        0x0 C:/Users/romai/Documents/sys embarque/libs/avr8-gnu-toolchain-win32_x86_64/bin/../lib/gcc/avr/15.1.0/avr5\libgcc.a(_epilogue.o)
 .text          0x00000000        0x0 C:/Users/romai/Documents/sys embarque/libs/avr8-gnu-toolchain-win32_x86_64/bin/../lib/gcc/avr/15.1.0/avr5\libgcc.a(_adddi3.o)
 .data          0x00000000        0x0 C:/Users/romai/Documents/sys embarque/libs/avr8-gnu-toolchain-win32_x86_64/bin/../lib/gcc/avr/15.1.0/avr5\libgcc.a(_adddi3.o)
 .bss           0x00000000        0x0 C:/Users/romai/Documents/sys embarque/libs/avr8-gnu-toolchain-win32_x86_64/bin/../lib/gcc/avr/15.1.0/avr5\libgcc.a(_adddi3.o)
 .text.libgcc.mul
                0x00000000        0x0 C:/Users/romai/Documents/sys embarque/libs/avr8-gnu-toolchain-win32_x86_64/bin/../lib/gcc/avr/15.1.0/avr5\libgcc.a(_adddi3.o)
 .text.libgcc.div
                0x00000000        0x0 C:/Users/romai/Documents/sys embarque/libs/avr8-gnu-toolchain-win32_x86_64/bin/../lib/gcc/avr/15.1.0/avr5\libgcc.a(_adddi3.o)
 .text.libgcc.prologue
                0x00000000        0x0 C:/Users/romai/Documents/sys embarque/libs/avr8-gnu-toolchain-win32_x86_64/bin/../lib/gcc/avr/15.1.0/avr5\libgcc.a(_adddi3.o)
 .text.libgcc.builtins
                0x00000000        0x0 C:/Users/romai/Documents/sys embarque/libs/avr8-gnu-toolchain-win32_x86_64/bin/../lib/gcc/avr/15.1.0/avr5\libgcc.a(_adddi3.o)
 .text.libgcc.fmul
                0x00000000        0x0 C:/Users/romai/Documents/sys embarque/libs/avr8-gnu-toolchain-win32_x86_64/bin/../lib/gcc/avr/15.1.0/avr5\libgcc.a(_adddi3.o)
 .text.libgcc.fixed
                0x00000000        0x0 C:/Users/romai/Documents/sys embarque/libs/avr8-gnu-toolchain-win32_x86_64/bin/../lib/gcc/avr/15.1.0/avr5\libgcc.a(_adddi3.o)
 .text          0x00000000        0x0 C:/Users/romai/Documents/sys embarque/libs/avr8-gnu-toolchain-win32_x86_64/bin/../lib/gcc/avr/15.1.0/avr5\libgcc.a(_cmpdi2.o)
 .data          0x00000000        0x0 C:/Users/romai/Documents/sys embarque/libs/avr8-gnu-toolchain-win32_x86_64/bin/../lib/gcc/avr/15.1.0/avr5\libgcc.a(_cmpdi2.o)
 .bss           0x00000000        0x0 C:/Users/romai/Documents/sys embarque/libs/avr8-gnu-toolchain-win32_x86_64/bin/../lib/gcc/avr/15.1.0/avr5\libgcc.a(_cmpdi2.o)
 .text.libgcc.mul
                0x00000000        0x0 C:/Users/romai/Documents/sys embarque/libs/avr8-gnu-toolchain-win32_x86_64/bin/../lib/gcc/avr/15.1.0/avr5\libgcc.a(_cmpdi2.o)
 .text.libgcc.div
                0x00000000        0x0 C:/Users/romai/Documents/sys embarque/libs/avr8-gnu-toolchain-win32_x86_64/bin/../lib/gcc/avr/15.1.0/avr5\libgcc.a(_cmpdi2.o)
 .text.libgcc.prologue
                0x00000000        0x0 C:/Users/romai/Documents/sys embarque/libs/avr8-gnu-toolchain-win32_x86_64/bin/../lib/gcc/avr/15.1.0/avr5\libgcc.a(_cmpdi2.o)
 .text.libgcc.builtins
                0x00000000        0x0 C:/Users/romai/Documents/sys embarque/libs/avr8-gnu-toolchain-win32_x86_64/bin/../lib/gcc/avr/15.1.0/avr5\libgcc.a(_cmpdi2.o)
 .text.libgcc.fmul
                0x00000000        0x0 C:/Users/romai/Documents/sys embarque/libs/avr8-gnu-toolchain-win32_x86_64/bin/../lib/gcc/avr/15.1.0/avr5\libgcc.a(_cmpdi2.o)
 .text.libgcc.fixed
                0x00000000        0x0 C:/Users/romai/Documents/sys embarque/libs/avr8-gnu-toolchain-win32_x86_64/bin/../lib/gcc/avr/15.1.0/avr5\libgcc.a(_cmpdi2.o)
 .text          0x00000000        0x0 C:/Users/romai/Documents/sys embarque/libs/avr8-gnu-toolchain-win32_x86_64/bin/../lib/gcc/avr/15.1.0/avr5\libgcc.a(_umulhisi3.o)
 .data          0x00000000        0x0 C:/Users/romai/Documents/sys embarque/libs/avr8-gnu-toolchain-win32_x86_64/bin/../lib/gcc/avr/15.1.0/avr5\libgcc.a(_umulhisi3.o)
 .bss           0x00000000        0x0 C:/Users/romai/Documents/sys embarque/libs/avr8-gnu-toolchain-win32_x86_64/bin/../lib/gcc/avr/15.1.0/avr5\libgcc.a(_umulhisi3.o)
 .text.libgcc.div
                0x00000000        0x0 C:/Users/romai/Documents/sys embarque/libs/avr8-gnu-toolchain-win32_x86_64/bin/../lib/gcc/avr/15.1.0/avr5\libgcc.a(_umulhisi3.o)
 .text.libgcc   0x00000000        0x0 C:/Users/romai/Documents/sys embarque/libs/avr8-gnu-toolchain-win32_x86_64/bin/../lib/gcc/avr/15.1.0/avr5\libgcc.a(_umulhisi3.o)
 .text.libgcc.prologue
                0x00000000        0x0 C:/Users/romai/Documents/sys embarque/libs/avr8-gnu-toolchain-win32_x86_64/bin/../lib/gcc/avr/15.1.0/avr5\libgcc.a(_umulhisi3.o)
 .text.libgcc.builtins
                0x00000000        0x0 C:/Users/romai/Documents/sys embarque/libs/avr8-gnu-toolchain-win32_x86_64/bin/../lib/gcc/avr/15.1.0/avr5\libgcc.a(_umulhisi3.o)
 .text.libgcc.fmul
                0x00000000        0x0 C:/Users/romai/Documents/sys embarque/libs/avr8-gnu-toolchain-win32_x86_64/bin/../lib/gcc/avr/15.1.0/avr5\libgcc.a(_umulhisi3.o)
 .text.libgcc.fixed
                0x00000000        0x0 C:/Users/romai/Documents/sys embarque/libs/avr8-gnu-toolchain-win32_x86_64/bin/../lib/gcc/avr/15.1.0/avr5\libgcc.a(_umulhisi3.o)
 .text          0x00000000        0x0 C:/Users/romai/Documents/sys embarque/libs/avr8-gnu-toolchain-win32_x86_64/bin/../lib/gcc/avr/15.1.0/avr5\libgcc.a(_udivmodhi4.o)
 .data          0x00000000        0x0 C:/Users/romai/Documents/sys embarque/libs/avr8-gnu-toolchain-win32_x86_64/bin/../lib/gcc/avr/15.1.0/avr5\libgcc.a(_udivmodhi4.o)
 .bss           0x00000000        0x0 C:/Users/romai/Documents/sys embarque/libs/avr8-gnu-toolchain-win32_x86_64/bin/../lib/gcc/avr/15.1.0/avr5\libgcc.a(_udivmodhi4.o)
 .text.libgcc.mul
                0x00000000        0x0 C:/Users/romai/Documents/sys embarque/libs/avr8-gnu-toolchain-win32_x86_64/bin/../lib/gcc/avr/15.1.0/avr5\libgcc.a(_udivmodhi4.o)
 .text.libgcc   0x00000000        0x0 C:/Users/romai/Documents/sys embarque/libs/avr8-gnu-toolchain-win32_x86_64/bin/../lib/gcc/avr/15.1.0/avr5\libgcc.a(_udivmodhi4.o)
 .text.libgcc.prologue
                0x00000000        0x0 C:/Users/romai/Documents/sys embarque/libs/avr8-gnu-toolchain-win32_x86_64/bin/../lib/gcc/avr/15.1.0/avr5\libgcc.a(_udivmodhi4.o)
 .text.libgcc.builtins
                0x00000000        0x0 C:/Users/romai/Documents/sys embarque/libs/avr8-gnu-toolchain-win32_x86_64/bin/../lib/gcc/avr/15.1.0/avr5\libgcc.a(_udivmodhi4.o)
 .text.libgcc.fmul
                0x00000000        0x0 C:/Users/romai/Documents/sys embarque/libs/avr8-gnu-toolchain-win32_x86_64/bin/../lib/gcc/avr/15.1.0/avr5\libgcc.a(_udivmodhi4.o)
 .text.libgcc.fixed
                0x00000000        0x0 C:/Users/romai/Documents/sys embarque/libs/avr8-gnu-toolchain-win32_x86_64/bin/../lib/gcc/avr/15.1.0/avr5\libgcc.a(_udivmodhi4.o)
 .text          0x00000000        0x0 C:/Users/romai/Documents/sys embarque/libs/avr8-gnu-toolchain-win32_x86_64/bin/../lib/gcc/avr/15.1.0/avr5\libgcc.a(_muldi3_6.o)
 .data          0x00000000        0x0 C:/Users/romai/Documents/sys embarque/libs/avr8-gnu-toolchain-win32_x86_64/bin/../lib/gcc/avr/15.1.0/avr5\libgcc.a(_muldi3_6.o)
 .bss           0x00000000        0x0 C:/Users/romai/Documents/sys embarque/libs/avr8-gnu-toolchain-win32_x86_64/bin/../lib/gcc/avr/15.1.0/avr5\libgcc.a(_muldi3_6.o)
 .text.libgcc.div
                0x00000000        0x0 C:/Users/romai/Documents/sys embarque/libs/avr8-gnu-toolchain-win32_x86_64/bin/../lib/gcc/avr/15.1.0/avr5\libgcc.a(_muldi3_6.o)
 .text.libgcc   0x00000000        0x0 C:/Users/romai/Documents/sys embarque/libs/avr8-gnu-toolchain-win32_x86_64/bin/../lib/gcc/avr/15.1.0/avr5\libgcc.a(_muldi3_6.o)
 .text.libgcc.prologue
                0x00000000        0x0 C:/Users/romai/Documents/sys embarque/libs/avr8-gnu-toolchain-win32_x86_64/bin/../lib/gcc/avr/15.1.0/avr5\libgcc.a(_muldi3_6.o)
 .text.libgcc.builtins
                0x00000000        0x0 C:/Users/romai/Documents/sys embarque/libs/avr8-gnu-toolchain-win32_x86_64/bin/../lib/gcc/avr/15.1.0/avr5\libgcc.a(_muldi3_6.o)
 .text.libgcc.fmul
                0x00000000        0x0 C:/Users/romai/Documents/sys embarque/libs/avr8-gnu-toolchain-win32_x86_64/bin/../lib/gcc/avr/15.1.0/avr5\libgcc.a(_muldi3_6.o)
 .text.libgcc.fixed
                0x00000000        0x0 C:/Users/romai/Documents/sys embarque/libs/avr8-gnu-toolchain-win32_x86_64/bin/../lib/gcc/avr/15.1.0/avr5\libgcc.a(_muldi3_6.o)
 .text          0x00000000        0x0 C:/Users/romai/Documents/sys embarque/libs/avr8-gnu-toolchain-win32_x86_64/bin/../lib/gcc/avr/15.1.0/../../../../avr/lib/avr5\libatmega328p.a(eerd_block.o)
 .data          0x00000000        0x0 C:/Users/romai/Documents/sys embarque/libs/avr8-gnu-toolchain-win32_x86_64/bin/../lib/gcc/avr/15.1.0/../../../../avr/lib/avr5\libatmega328p.a(eerd_block.o)
 .bss           0x00000000        0x0 C:/Users/romai/Documents/sys embarque/libs/avr8-gnu-toolchain-win32_x86_64/bin/../lib/gcc/avr/15.1.0/../../../../avr/lib/avr5\libatmega328p.a(eerd_block.o)
 .text          0x00000000        0x0 C:/Users/romai/Documents/sys embarque/libs/avr8-gnu-toolchain-win32_x86_64/bin/../lib/gcc/avr/15.1.0/../../../../avr/lib/avr5\libatmega328p.a(eerd_byte.o)
 .data          0x00000000        0x0 C:/Users/romai/Documents/sys embarque/libs/avr8-gnu-toolchain-win32_x86_64/bin/../lib/gcc/avr/15.1.0/../../../../avr/lib/avr5\libatmega328p.a(eerd_byte.o)
 .bss           0x00000000        0x0 C:/Users/romai/Documents/sys embarque/libs/avr8-gnu-toolchain-win32_x86_64/bin/../lib/gcc/avr/15.1.0/../../../../avr/lib/avr5\libatmega328p.a(eerd_byte.o)
 .text          0x00000000        0x0 C:/Users/romai/Documents/sys embarque/libs/avr8-gnu-toolchain-win32_x86_64/bin/../lib/gcc/avr/15.1.0/../../../../avr/lib/avr5\libatmega328p.a(eewr_block.o)
 .data          0x00000000        0x0 C:/Users/romai/Documents/sys embarque/libs/avr8-gnu-toolchain-win32_x86_64/bin/../lib/gcc/avr/15.1.0/../../../../avr/lib/avr5\libatmega328p.a(eewr_block.o)
 .bss           0x00000000        0x0 C:/Users/romai/Documents/sys embarque/libs/avr8-gnu-toolchain-win32_x86_64/bin/../lib/gcc/avr/15.1.0/../../../../avr/lib/avr5\libatmega328p.a(eewr_block.o)
 .text          0x00000000        0x0 C:/Users/romai/Documents/sys embarque/libs/avr8-gnu-toolchain-win32_x86_64/bin/../lib/gcc/avr/15.1.0/../../../../avr/lib/avr5\libatmega328p.a(eewr_byte.o)
 .data          0x00000000        0x0 C:/Users/romai/Documents/sys embarque/libs/avr8-gnu-toolchain-win32_x86_64/bin/../lib/gcc/avr/15.1.0/../../../../avr/lib/avr5\libatmega328p.a(eewr_byte.o)
 .bss           0x00000000        0x0 C:/Users/romai/Documents/sys embarque/libs/avr8-gnu-toolchain-win32_x86_64/bin/../lib/gcc/avr/15.1.0/../../../../avr/lib/avr5\libatmega328p.a(eewr_byte.o)

Memory Configuration

Name             Origin             Length             Attributes
text             0x00000000         0x00008000         xr
data             0x00800100         0x00000800         rw!x
eeprom           0x00810000         0x00000400         rw!x
fuse             0x00820000         0x00000003         rw!x
lock             0x00830000         0x00000400         rw!x
signature        0x00840000         0x00000400         rw!x
user_signatures  0x00850000         0x00000400         rw!x
*default*        0x00000000         0xffffffff

Linker script and memory map

Address of section .data set to 0x800100
LOAD C:/Users/romai/Documents/sys embarque/libs/avr8-gnu-toolchain-win32_x86_64/bin/../lib/gcc/avr/15.1.0/../../../../avr/lib/avr5/crtatmega328p.o
LOAD C:\Users\romai\AppData\Local\Temp\cc4aJweJ.o
LOAD C:\Users\romai\AppData\Local\Temp\cc0JsBL4.o
LOAD C:\Users\romai\AppData\Local\Temp\ccElI9ys.o
LOAD C:\Users\romai\AppData\Local\Temp\cc0nIk3V.o
LOAD C:\Users\romai\AppData\Local\Temp\ccWWbNas.o
LOAD C:\Users\romai\AppData\Local\Temp\ccAudfwZ.o
LOAD C:\Users\romai\AppData\Local\Temp\cc8QmVnF.o
LOAD C:\Users\romai\AppData\Local\Temp\ccqr5PgF.o
START GROUP
LOAD C:/Users/romai/Documents/sys embarque/libs/avr8-gnu-toolchain-win32_x86_64/bin/../lib/gcc/avr/15.1.0/avr5\libgcc.a
LOAD C:/Users/romai/Documents/sys embarque/libs/avr8-gnu-toolchain-win32_x86_64/bin/../lib/gcc/avr/15.1.0/../../../../avr/lib/avr5\libm.a
LOAD C:/Users/romai/Documents/sys embarque/libs/avr8-gnu-toolchain-win32_x86_64/bin/../lib/gcc/avr/15.1.0/../../../../avr/lib/avr5\libc.a
LOAD C:/Users/romai/Documents/sys embarque/libs/avr8-gnu-toolchain-win32_x86_64/bin/../lib/gcc/avr/15.1.0/../../../../avr/lib/avr5\libatmega328p.a
END GROUP
                [0x00000000]                      __TEXT_REGION_ORIGIN__ = DEFINED (__TEXT_REGION_ORIGIN__)?__TEXT_REGION_ORIGIN__:0x0
                [0x00008000]                      __TEXT_REGION_LENGTH__ = DEFINED (__TEXT_REGION_LENGTH__)?__TEXT_REGION_LENGTH__:0x20000
                [0x00800100]                      __DATA_REGION_ORIGIN__ = DEFINED (__DATA_REGION_ORIGIN__)?__DATA_REGION_ORIGIN__:0x800060
                [0x00000800]                      __DATA_REGION_LENGTH__ = DEFINED (__DATA_REGION_LENGTH__)?__DATA_REGION_LENGTH__:0xffa0
                [0x00000400]                      __EEPROM_REGION_LENGTH__ = DEFINED (__EEPROM_REGION_LENGTH__)?__EEPROM_REGION_LENGTH__:0x10000
                [0x00000003]                      __FUSE_REGION_LENGTH__ = DEFINED (__FUSE_REGION_LENGTH__)?__FUSE_REGION_LENGTH__:0x400
                0x00000400                        __LOCK_REGION_LENGTH__ = DEFINED (__LOCK_REGION_LENGTH__)?__LOCK_REGION_LENGTH__:0x400
                0x00000400                        __SIGNATURE_REGION_LENGTH__ = DEFINED (__SIGNATURE_REGION_LENGTH__)?__SIGNATURE_REGION_LENGTH__:0x400
                0x00000400                        __USER_SIGNATURE_REGION_LENGTH__ = DEFINED (__USER_SIGNATURE_REGION_LENGTH__)?__USER_SIGNATURE_REGION_LENGTH__:0x400

.hash
 *(.hash)

.dynsym
 *(.dynsym)

.dynstr
 *(.dynstr)

.gnu.version
 *(.gnu.version)

.gnu.version_d
 *(.gnu.version_d)

.gnu.version_r
 *(.gnu.version_r)

.rel.init
 *(.rel.init)

.rela.init
 *(.rela.init)

.rel.text
 *(.rel.text)
 *(.rel.text.*)
 *(.rel.gnu.linkonce.t*)

.rela.text
 *(.rela.text)
 *(.rela.text.*)
 *(.rela.gnu.linkonce.t*)

.rel.fini
 *(.rel.fini)

.rela.fini
 *(.rela.fini)

.rel.rodata
 *(.rel.rodata)
 *(.rel.rodata.*)
 *(.rel.gnu.linkonce.r*)

.rela.rodata
 *(.rela.rodata)
 *(.rela.rodata.*)
 *(.rela.gnu.linkonce.r*)

.rel.data
 *(.rel.data)
 *(.rel.data.*)
 *(.rel.gnu.linkonce.d*)

.rela.data
 *(.rela.data)
 *(.rela.data.*)
 *(.rela.gnu.linkonce.d*)

.rel.ctors
 *(.rel.ctors)

.rela.ctors
 *(.rela.ctors)

.rel.dtors
 *(.rel.dtors)

.rela.dtors
 *(.rela.dtors)

.rel.got
 *(.rel.got)

.rela.got
 *(.rela.got)

.rel.bss
 *(.rel.bss)

.rela.bss
 *(.rela.bss)

.rel.plt
 *(.rel.plt)

.rela.plt
 *(.rela.plt)

.text           0x00000000     0x2e12
 *(.vectors)
 .vectors       0x00000000       0x68 C:/Users/romai/Documents/sys embarque/libs/avr8-gnu-toolchain-win32_x86_64/bin/../lib/gcc/avr/15.1.0/../../../../avr/lib/avr5/crtatmega328p.o
                0x00000000                __vector_default
                0x00000000                __vectors
 *(.vectors)
 *(.progmem.gcc*)
                0x00000068                        . = ALIGN (0x2)
                0x00000068                        __trampolines_start = .
 *(.trampolines)
 .trampolines   0x00000068        0x0 linker stubs
 *(.trampolines*)
                0x00000068                        __trampolines_end = .
 *libprintf_flt.a:*(.progmem.data)
 *libc.a:*(.progmem.data)
 *(.progmem.*)
                0x00000068                        . = ALIGN (0x2)
 *(.lowtext)
 *(.lowtext*)
                0x00000068                        __ctors_start = .
 *(.ctors)
                0x00000068                        __ctors_end = .
                0x00000068                        __dtors_start = .
 *(.dtors)
                0x00000068                        __dtors_end = .
 SORT_BY_NAME(*)(.ctors)
 SORT_BY_NAME(*)(.dtors)
 *(.init0)
 .init0         0x00000068        0x0 C:/Users/romai/Documents/sys embarque/libs/avr8-gnu-toolchain-win32_x86_64/bin/../lib/gcc/avr/15.1.0/../../../../avr/lib/avr5/crtatmega328p.o
                0x00000068                __init
 *(.init0)
 *(.init1)
 *(.init1)
 *(.init2)
 .init2         0x00000068        0xc C:/Users/romai/Documents/sys embarque/libs/avr8-gnu-toolchain-win32_x86_64/bin/../lib/gcc/avr/15.1.0/../../../../avr/lib/avr5/crtatmega328p.o
 *(.init2)
 *(.init3)
 *(.init3)
 *(.init4)
 .init4         0x00000074       0x16 C:/Users/romai/Documents/sys embarque/libs/avr8-gnu-toolchain-win32_x86_64/bin/../lib/gcc/avr/15.1.0/avr5\libgcc.a(_copy_data.o)
                0x00000074                __do_copy_data
 .init4         0x0000008a       0x10 C:/Users/romai/Documents/sys embarque/libs/avr8-gnu-toolchain-win32_x86_64/bin/../lib/gcc/avr/15.1.0/avr5\libgcc.a(_clear_bss.o)
                0x0000008a                __do_clear_bss
 *(.init4)
 *(.init5)
 *(.init5)
 *(.init6)
 *(.init6)
 *(.init7)
 *(.init7)
 *(.init8)
 *(.init8)
 *(.init9)
 .init9         0x0000009a        0x8 C:/Users/romai/Documents/sys embarque/libs/avr8-gnu-toolchain-win32_x86_64/bin/../lib/gcc/avr/15.1.0/../../../../avr/lib/avr5/crtatmega328p.o
 *(.init9)
 *(.text)
 .text          0x000000a2        0x4 C:/Users/romai/Documents/sys embarque/libs/avr8-gnu-toolchain-win32_x86_64/bin/../lib/gcc/avr/15.1.0/../../../../avr/lib/avr5/crtatmega328p.o
                0x000000a2                __vector_22
                0x000000a2                __vector_1
                0x000000a2                __vector_24
                0x000000a2                __vector_12
                0x000000a2                __bad_interrupt
                0x000000a2                __vector_6
                0x000000a2                __vector_3
                0x000000a2                __vector_23
                0x000000a2                __vector_25
                0x000000a2                __vector_11
                0x000000a2                __vector_13
                0x000000a2                __vector_17
                0x000000a2                __vector_19
                0x000000a2                __vector_7
                0x000000a2                __vector_5
                0x000000a2                __vector_4
                0x000000a2                __vector_9
                0x000000a2                __vector_2
                0x000000a2                __vector_21
                0x000000a2                __vector_15
                0x000000a2                __vector_8
                0x000000a2                __vector_14
                0x000000a2                __vector_10
                0x000000a2                __vector_16
                0x000000a2                __vector_20
                0x000000a6                        . = ALIGN (0x2)
 *(.text.*)
 .text.waitForConsent
                0x000000a6       0x4c C:\Users\romai\AppData\Local\Temp\cc4aJweJ.o
                0x000000a6                waitForConsent
 .text.makeCredentials
                0x000000f2       0xbe C:\Users\romai\AppData\Local\Temp\cc4aJweJ.o
                0x000000f2                makeCredentials
 .text.getAssertion
                0x000001b0       0xde C:\Users\romai\AppData\Local\Temp\cc4aJweJ.o
                0x000001b0                getAssertion
 .text.reinitializeRegistry
                0x0000028e       0x18 C:\Users\romai\AppData\Local\Temp\cc4aJweJ.o
                0x0000028e                reinitializeRegistry
 .text.listCredentials
                0x000002a6       0x46 C:\Users\romai\AppData\Local\Temp\cc4aJweJ.o
                0x000002a6                listCredentials
 .text.initialize
                0x000002ec       0x16 C:\Users\romai\AppData\Local\Temp\cc4aJweJ.o
                0x000002ec                initialize
 .text.startup.main
                0x00000302       0x82 C:\Users\romai\AppData\Local\Temp\cc4aJweJ.o
                0x00000302                main
 .text.UART__init
                0x00000384       0x2e C:\Users\romai\AppData\Local\Temp\cc0JsBL4.o
                0x00000384                UART__init
 .text.UART__putc
                0x000003b2        0xe C:\Users\romai\AppData\Local\Temp\cc0JsBL4.o
                0x000003b2                UART__putc
 .text.UART__write
                0x000003c0       0x28 C:\Users\romai\AppData\Local\Temp\cc0JsBL4.o
                0x000003c0                UART__write
 .text.__vector_18
                0x000003e8       0x50 C:\Users\romai\AppData\Local\Temp\cc0JsBL4.o
                0x000003e8                __vector_18
 .text.UART__read
                0x00000438       0x5a C:\Users\romai\AppData\Local\Temp\cc0JsBL4.o
                0x00000438                UART__read
 .text.UART__available
                0x00000492        0x8 C:\Users\romai\AppData\Local\Temp\cc0JsBL4.o
                0x00000492                UART__available
 .text.initialize_buffer
                0x0000049a       0x10 C:\Users\romai\AppData\Local\Temp\ccElI9ys.o
                0x0000049a                initialize_buffer
 .text.buffer_push
                0x000004aa       0x34 C:\Users\romai\AppData\Local\Temp\ccElI9ys.o
                0x000004aa                buffer_push
 .text.buffer_pop
                0x000004de       0x30 C:\Users\romai\AppData\Local\Temp\ccElI9ys.o
                0x000004de                buffer_pop
 .text.initialize_button
                0x0000050e        0x6 C:\Users\romai\AppData\Local\Temp\cc0nIk3V.o
                0x0000050e                initialize_button
 .text.is_button_pressed
                0x00000514        0x8 C:\Users\romai\AppData\Local\Temp\cc0nIk3V.o
                0x00000514                is_button_pressed
 .text.initialize_led
                0x0000051c        0x6 C:\Users\romai\AppData\Local\Temp\ccWWbNas.o
                0x0000051c                initialize_led
 .text.led_on   0x00000522        0x4 C:\Users\romai\AppData\Local\Temp\ccWWbNas.o
                0x00000522                led_on
 .text.led_off  0x00000526        0x4 C:\Users\romai\AppData\Local\Temp\ccWWbNas.o
                0x00000526                led_off
 .text.rng_function
                0x0000052a       0xe4 C:\Users\romai\AppData\Local\Temp\ccAudfwZ.o
 .text.initialize_crypto
                0x0000060e       0xbe C:\Users\romai\AppData\Local\Temp\ccAudfwZ.o
                0x0000060e                initialize_crypto
 .text.generate_keypair
                0x000006cc       0x3a C:\Users\romai\AppData\Local\Temp\ccAudfwZ.o
                0x000006cc                generate_keypair
 .text.generate_credential_id
                0x00000706        0xa C:\Users\romai\AppData\Local\Temp\ccAudfwZ.o
                0x00000706                generate_credential_id
 .text.sign_client_data
                0x00000710       0x46 C:\Users\romai\AppData\Local\Temp\ccAudfwZ.o
                0x00000710                sign_client_data
 .text.find_empty_slot
                0x00000756       0x2a C:\Users\romai\AppData\Local\Temp\cc8QmVnF.o
 .text.reset_registry
                0x00000780       0x20 C:\Users\romai\AppData\Local\Temp\cc8QmVnF.o
                0x00000780                reset_registry
 .text.initialize_registry
                0x000007a0       0x32 C:\Users\romai\AppData\Local\Temp\cc8QmVnF.o
                0x000007a0                initialize_registry
 .text.find_credential
                0x000007d2       0x92 C:\Users\romai\AppData\Local\Temp\cc8QmVnF.o
                0x000007d2                find_credential
 .text.register_credential
                0x00000864       0x9c C:\Users\romai\AppData\Local\Temp\cc8QmVnF.o
                0x00000864                register_credential
 .text.can_register
                0x00000900       0x1c C:\Users\romai\AppData\Local\Temp\cc8QmVnF.o
                0x00000900                can_register
 .text.get_credential
                0x0000091c       0x4c C:\Users\romai\AppData\Local\Temp\cc8QmVnF.o
                0x0000091c                get_credential
 .text.list_credentials
                0x00000968       0x90 C:\Users\romai\AppData\Local\Temp\cc8QmVnF.o
                0x00000968                list_credentials
 .text.uECC_vli_clear
                0x000009f8       0x16 C:\Users\romai\AppData\Local\Temp\ccqr5PgF.o
 .text.uECC_vli_isZero
                0x00000a0e       0x46 C:\Users\romai\AppData\Local\Temp\ccqr5PgF.o
 .text.uECC_vli_testBit
                0x00000a54       0x46 C:\Users\romai\AppData\Local\Temp\ccqr5PgF.o
 .text.uECC_vli_numBits
                0x00000a9a       0xa8 C:\Users\romai\AppData\Local\Temp\ccqr5PgF.o
 .text.uECC_vli_set
                0x00000b42       0x28 C:\Users\romai\AppData\Local\Temp\ccqr5PgF.o
 .text.uECC_vli_cmp_unsafe
                0x00000b6a       0x70 C:\Users\romai\AppData\Local\Temp\ccqr5PgF.o
 .text.uECC_vli_rshift1
                0x00000bda       0x64 C:\Users\romai\AppData\Local\Temp\ccqr5PgF.o
 .text.uECC_vli_add
                0x00000c3e       0x7e C:\Users\romai\AppData\Local\Temp\ccqr5PgF.o
 .text.uECC_vli_sub
                0x00000cbc       0x82 C:\Users\romai\AppData\Local\Temp\ccqr5PgF.o
 .text.uECC_vli_cmp
                0x00000d3e       0x3c C:\Users\romai\AppData\Local\Temp\ccqr5PgF.o
 .text.uECC_vli_modAdd
                0x00000d7a       0x56 C:\Users\romai\AppData\Local\Temp\ccqr5PgF.o
 .text.uECC_vli_mmod
                0x00000dd0      0x390 C:\Users\romai\AppData\Local\Temp\ccqr5PgF.o
 .text.regularize_k
                0x00001160       0xa8 C:\Users\romai\AppData\Local\Temp\ccqr5PgF.o
 .text.uECC_generate_random_int
                0x00001208       0xd6 C:\Users\romai\AppData\Local\Temp\ccqr5PgF.o
 .text.uECC_vli_nativeToBytes
                0x000012de       0x72 C:\Users\romai\AppData\Local\Temp\ccqr5PgF.o
 .text.uECC_vli_bytesToNative
                0x00001350       0x9e C:\Users\romai\AppData\Local\Temp\ccqr5PgF.o
 .text.bits2int
                0x000013ee       0xfa C:\Users\romai\AppData\Local\Temp\ccqr5PgF.o
 .text.uECC_vli_modSub
                0x000014e8       0x44 C:\Users\romai\AppData\Local\Temp\ccqr5PgF.o
 .text.vli_modInv_update
                0x0000152c       0x96 C:\Users\romai\AppData\Local\Temp\ccqr5PgF.o
 .text.uECC_vli_modInv
                0x000015c2      0x2a8 C:\Users\romai\AppData\Local\Temp\ccqr5PgF.o
 .text.uECC_vli_mult
                0x0000186a      0x2e4 C:\Users\romai\AppData\Local\Temp\ccqr5PgF.o
 .text.uECC_vli_modMult
                0x00001b4e       0x64 C:\Users\romai\AppData\Local\Temp\ccqr5PgF.o
 .text.uECC_vli_modMult_fast
                0x00001bb2       0x52 C:\Users\romai\AppData\Local\Temp\ccqr5PgF.o
 .text.uECC_vli_modSquare_fast
                0x00001c04        0xa C:\Users\romai\AppData\Local\Temp\ccqr5PgF.o
 .text.double_jacobian_default
                0x00001c0e      0x1e6 C:\Users\romai\AppData\Local\Temp\ccqr5PgF.o
 .text.x_side_default
                0x00001df4       0xac C:\Users\romai\AppData\Local\Temp\ccqr5PgF.o
 .text.mod_sqrt_default
                0x00001ea0       0xd6 C:\Users\romai\AppData\Local\Temp\ccqr5PgF.o
 .text.apply_z  0x00001f76       0x66 C:\Users\romai\AppData\Local\Temp\ccqr5PgF.o
 .text.XYcZ_add
                0x00001fdc       0xf4 C:\Users\romai\AppData\Local\Temp\ccqr5PgF.o
 .text.XYcZ_addC
                0x000020d0      0x14e C:\Users\romai\AppData\Local\Temp\ccqr5PgF.o
 .text.EccPoint_mult
                0x0000221e      0x3b2 C:\Users\romai\AppData\Local\Temp\ccqr5PgF.o
 .text.EccPoint_compute_public_key
                0x000025d0       0xd4 C:\Users\romai\AppData\Local\Temp\ccqr5PgF.o
 .text.uECC_sign_with_k_internal
                0x000026a4      0x390 C:\Users\romai\AppData\Local\Temp\ccqr5PgF.o
 .text.uECC_set_rng
                0x00002a34        0xa C:\Users\romai\AppData\Local\Temp\ccqr5PgF.o
                0x00002a34                uECC_set_rng
 .text.uECC_secp160r1
                0x00002a3e        0x6 C:\Users\romai\AppData\Local\Temp\ccqr5PgF.o
                0x00002a3e                uECC_secp160r1
 .text.uECC_make_key
                0x00002a44      0x106 C:\Users\romai\AppData\Local\Temp\ccqr5PgF.o
                0x00002a44                uECC_make_key
 .text.uECC_sign
                0x00002b4a       0x90 C:\Users\romai\AppData\Local\Temp\ccqr5PgF.o
                0x00002b4a                uECC_sign
 .text.libgcc.mul
                0x00002bda       0x20 C:/Users/romai/Documents/sys embarque/libs/avr8-gnu-toolchain-win32_x86_64/bin/../lib/gcc/avr/15.1.0/avr5\libgcc.a(_mulsi3.o)
                0x00002bda                __mulsi3
 .text.libgcc.div
                0x00002bfa       0x28 C:/Users/romai/Documents/sys embarque/libs/avr8-gnu-toolchain-win32_x86_64/bin/../lib/gcc/avr/15.1.0/avr5\libgcc.a(_divmodhi4.o)
                0x00002bfa                _div
                0x00002bfa                __divmodhi4
 .text.libgcc.builtins
                0x00002c22       0x12 C:/Users/romai/Documents/sys embarque/libs/avr8-gnu-toolchain-win32_x86_64/bin/../lib/gcc/avr/15.1.0/avr5\libgcc.a(_clzsi2.o)
                0x00002c22                __clzsi2
 .text.libgcc.builtins
                0x00002c34       0x24 C:/Users/romai/Documents/sys embarque/libs/avr8-gnu-toolchain-win32_x86_64/bin/../lib/gcc/avr/15.1.0/avr5\libgcc.a(_clzhi2.o)
                0x00002c34                __clzhi2
 .text.libgcc.mul
                0x00002c58       0x16 C:/Users/romai/Documents/sys embarque/libs/avr8-gnu-toolchain-win32_x86_64/bin/../lib/gcc/avr/15.1.0/avr5\libgcc.a(_muluhisi3.o)
                0x00002c58                __muluhisi3
 .text.libgcc.mul
                0x00002c6e       0x56 C:/Users/romai/Documents/sys embarque/libs/avr8-gnu-toolchain-win32_x86_64/bin/../lib/gcc/avr/15.1.0/avr5\libgcc.a(_umulsidi3.o)
                0x00002c6e                __umulsidi3
                0x00002c70                __umulsidi3_helper
 .text.libgcc.prologue
                0x00002cc4       0x38 C:/Users/romai/Documents/sys embarque/libs/avr8-gnu-toolchain-win32_x86_64/bin/../lib/gcc/avr/15.1.0/avr5\libgcc.a(_prologue.o)
                0x00002cc4                __prologue_saves__
 .text.libgcc.prologue
                0x00002cfc       0x36 C:/Users/romai/Documents/sys embarque/libs/avr8-gnu-toolchain-win32_x86_64/bin/../lib/gcc/avr/15.1.0/avr5\libgcc.a(_epilogue.o)
                0x00002cfc                __epilogue_restores__
 .text.libgcc   0x00002d32       0x12 C:/Users/romai/Documents/sys embarque/libs/avr8-gnu-toolchain-win32_x86_64/bin/../lib/gcc/avr/15.1.0/avr5\libgcc.a(_adddi3.o)
                0x00002d32                __adddi3
 .text.libgcc   0x00002d44       0x12 C:/Users/romai/Documents/sys embarque/libs/avr8-gnu-toolchain-win32_x86_64/bin/../lib/gcc/avr/15.1.0/avr5\libgcc.a(_cmpdi2.o)
                0x00002d44                __cmpdi2
 .text.libgcc.mul
                0x00002d56       0x1e C:/Users/romai/Documents/sys embarque/libs/avr8-gnu-toolchain-win32_x86_64/bin/../lib/gcc/avr/15.1.0/avr5\libgcc.a(_umulhisi3.o)
                0x00002d56                __umulhisi3
 .text.libgcc.div
                0x00002d74       0x28 C:/Users/romai/Documents/sys embarque/libs/avr8-gnu-toolchain-win32_x86_64/bin/../lib/gcc/avr/15.1.0/avr5\libgcc.a(_udivmodhi4.o)
                0x00002d74                __udivmodhi4
 .text.libgcc.mul
                0x00002d9c       0x12 C:/Users/romai/Documents/sys embarque/libs/avr8-gnu-toolchain-win32_x86_64/bin/../lib/gcc/avr/15.1.0/avr5\libgcc.a(_muldi3_6.o)
                0x00002d9c                __muldi3_6
 .text.avr-libc
                0x00002dae       0x20 C:/Users/romai/Documents/sys embarque/libs/avr8-gnu-toolchain-win32_x86_64/bin/../lib/gcc/avr/15.1.0/../../../../avr/lib/avr5\libatmega328p.a(eerd_block.o)
                0x00002dae                eeprom_read_block
                0x00002db2                eeprom_read_blraw
 .text.avr-libc
                0x00002dce       0x10 C:/Users/romai/Documents/sys embarque/libs/avr8-gnu-toolchain-win32_x86_64/bin/../lib/gcc/avr/15.1.0/../../../../avr/lib/avr5\libatmega328p.a(eerd_byte.o)
                0x00002dce                eeprom_read_byte
 .text.avr-libc
                0x00002dde       0x14 C:/Users/romai/Documents/sys embarque/libs/avr8-gnu-toolchain-win32_x86_64/bin/../lib/gcc/avr/15.1.0/../../../../avr/lib/avr5\libatmega328p.a(eewr_block.o)
                0x00002dde                eeprom_write_block
 .text.avr-libc
                0x00002df2       0x1c C:/Users/romai/Documents/sys embarque/libs/avr8-gnu-toolchain-win32_x86_64/bin/../lib/gcc/avr/15.1.0/../../../../avr/lib/avr5\libatmega328p.a(eewr_byte.o)
                0x00002df2                eeprom_write_byte
                0x00002df4                eeprom_write_r18
                0x00002e0e                        . = ALIGN (0x2)
 *(.fini9)
 .fini9         0x00002e0e        0x0 C:/Users/romai/Documents/sys embarque/libs/avr8-gnu-toolchain-win32_x86_64/bin/../lib/gcc/avr/15.1.0/avr5\libgcc.a(_exit.o)
                0x00002e0e                _exit
                0x00002e0e                exit
 *(.fini9)
 *(.fini8)
 *(.fini8)
 *(.fini7)
 *(.fini7)
 *(.fini6)
 *(.fini6)
 *(.fini5)
 *(.fini5)
 *(.fini4)
 *(.fini4)
 *(.fini3)
 *(.fini3)
 *(.fini2)
 *(.fini2)
 *(.fini1)
 *(.fini1)
 *(.fini0)
 .fini0         0x00002e0e        0x4 C:/Users/romai/Documents/sys embarque/libs/avr8-gnu-toolchain-win32_x86_64/bin/../lib/gcc/avr/15.1.0/avr5\libgcc.a(_exit.o)
 *(.fini0)
 *(.hightext)
 *(.hightext*)
 *(.progmemx.*)
                0x00002e12                        . = ALIGN (0x2)
 *(.jumptables)
 *(.jumptables*)
                0x00002e12                        _etext = .

.data           0x00800100       0xae load address 0x00002e12
                0x00800100                        PROVIDE (__data_start = .)
 *(.data)
 *(.data*)
 .data.seed     0x00800100        0x4 C:\Users\romai\AppData\Local\Temp\ccAudfwZ.o
 *(.gnu.linkonce.d*)
 *(.rodata)
 *(.rodata*)
 .rodata.curve_secp160r1
                0x00800104       0xaa C:\Users\romai\AppData\Local\Temp\ccqr5PgF.o
 *(.gnu.linkonce.r*)
                0x008001ae                        . = ALIGN (0x2)
                0x008001ae                        _edata = .
                0x008001ae                        PROVIDE (__data_end = .)

.bss            0x008001ae       0x48
                0x008001ae                        PROVIDE (__bss_start = .)
 *(.bss)
 *(.bss*)
 .bss.buffer    0x008001ae        0x6 C:\Users\romai\AppData\Local\Temp\cc0JsBL4.o
 .bss.buffer_data
                0x008001b4       0x40 C:\Users\romai\AppData\Local\Temp\cc0JsBL4.o
 .bss.g_rng_function
                0x008001f4        0x2 C:\Users\romai\AppData\Local\Temp\ccqr5PgF.o
 *(COMMON)
                0x008001f6                        PROVIDE (__bss_end = .)
                0x00002e12                        __data_load_start = LOADADDR (.data)
                0x00002ec0                        __data_load_end = (__data_load_start + SIZEOF (.data))

.noinit         0x008001f6        0x0
                [!provide]                        PROVIDE (__noinit_start = .)
 *(.noinit .noinit.* .gnu.linkonce.n.*)
                [!provide]                        PROVIDE (__noinit_end = .)
                0x008001f6                        _end = .
                [!provide]                        PROVIDE (__heap_start = .)
                0x00000000                        __flmap_init_label = DEFINED (__flmap_noinit_start)?__flmap_noinit_start:0x0
                0x00000000                        __flmap = DEFINED (__flmap)?__flmap:0x0

.eeprom         0x00810000        0x0
 *(.eeprom*)
                0x00810000                        __eeprom_end = .

.fuse
 *(.fuse)
 *(.lfuse)
 *(.hfuse)
 *(.efuse)

.lock
 *(.lock*)

.signature
 *(.signature*)

.stab
 *(.stab)

.stabstr
 *(.stabstr)

.stab.excl
 *(.stab.excl)

.stab.exclstr
 *(.stab.exclstr)

.stab.index
 *(.stab.index)

.stab.indexstr
 *(.stab.indexstr)

.comment        0x00000000       0x2f
 *(.comment)
 .comment       0x00000000       0x2f C:\Users\romai\AppData\Local\Temp\cc4aJweJ.o
                                 0x30 (size before relaxing)
 .comment       0x0000002f       0x30 C:\Users\romai\AppData\Local\Temp\cc0JsBL4.o
 .comment       0x0000002f       0x30 C:\Users\romai\AppData\Local\Temp\ccElI9ys.o
 .comment       0x0000002f       0x30 C:\Users\romai\AppData\Local\Temp\cc0nIk3V.o
 .comment       0x0000002f       0x30 C:\Users\romai\AppData\Local\Temp\ccWWbNas.o
 .comment       0x0000002f       0x30 C:\Users\romai\AppData\Local\Temp\ccAudfwZ.o
 .comment       0x0000002f       0x30 C:\Users\romai\AppData\Local\Temp\cc8QmVnF.o
 .comment       0x0000002f       0x30 C:\Users\romai\AppData\Local\Temp\ccqr5PgF.o

.note.gnu.avr.deviceinfo
                0x00000000       0x40
 .note.gnu.avr.deviceinfo
                0x00000000       0x40 C:/Users/romai/Documents/sys embarque/libs/avr8-gnu-toolchain-win32_x86_64/bin/../lib/gcc/avr/15.1.0/../../../../avr/lib/avr5/crtatmega328p.o

.gnu.build.attributes
 *(.gnu.build.attributes .gnu.build.attributes.*)

.note.gnu.build-id
 *(.note.gnu.build-id)

.debug
 *(.debug)

.line
 *(.line)

.debug_srcinfo
 *(.debug_srcinfo)

.debug_sfnames
 *(.debug_sfnames)

.debug_aranges
 *(.debug_aranges)

.debug_pubnames
 *(.debug_pubnames)

.debug_info     0x00000000      0x5f4
 *(.debug_info .gnu.linkonce.wi.*)
 .debug_info    0x00000000      0x5f4 C:/Users/romai/Documents/sys embarque/libs/avr8-gnu-toolchain-win32_x86_64/bin/../lib/gcc/avr/15.1.0/../../../../avr/lib/avr5/crtatmega328p.o

.debug_abbrev   0x00000000      0x5a2
 *(.debug_abbrev)
 .debug_abbrev  0x00000000      0x5a2 C:/Users/romai/Documents/sys embarque/libs/avr8-gnu-toolchain-win32_x86_64/bin/../lib/gcc/avr/15.1.0/../../../../avr/lib/avr5/crtatmega328p.o

.debug_line     0x00000000       0x1d
 *(.debug_line .debug_line.* .debug_line_end)
 .debug_line    0x00000000       0x1d C:/Users/romai/Documents/sys embarque/libs/avr8-gnu-toolchain-win32_x86_64/bin/../lib/gcc/avr/15.1.0/../../../../avr/lib/avr5/crtatmega328p.o

.debug_frame
 *(.debug_frame)

.debug_str      0x00000000      0x208
 *(.debug_str)
 .debug_str     0x00000000      0x208 C:/Users/romai/Documents/sys embarque/libs/avr8-gnu-toolchain-win32_x86_64/bin/../lib/gcc/avr/15.1.0/../../../../avr/lib/avr5/crtatmega328p.o

.debug_loc
 *(.debug_loc)

.debug_macinfo
 *(.debug_macinfo)

.debug_weaknames
 *(.debug_weaknames)

.debug_funcnames
 *(.debug_funcnames)

.debug_typenames
 *(.debug_typenames)

.debug_varnames
 *(.debug_varnames)

.debug_pubtypes
 *(.debug_pubtypes)

.debug_ranges
 *(.debug_ranges)

.debug_addr
 *(.debug_addr)

.debug_line_str
 *(.debug_line_str)

.debug_loclists
 *(.debug_loclists)

.debug_macro
 *(.debug_macro)

.debug_names
 *(.debug_names)

.debug_rnglists
 *(.debug_rnglists)

.debug_str_offsets
 *(.debug_str_offsets)

.debug_sup
 *(.debug_sup)
OUTPUT(yubino.elf elf32-avr)
LOAD linker stubs
